Archive member included to satisfy reference by file (symbol)

c:/vsarm/armcc/10 2021.10/bin/../lib/gcc/arm-none-eabi/10.3.1/thumb/v6-m/nofp\libgcc.a(_dvmd_tls.o)
                              CMakeFiles/MCP2515_MCBRUSHLESS.dir/C_/VSARM/sdk/pico/pico-sdk/src/rp2_common/pico_divider/divider.S.obj (__aeabi_idiv0)
c:/vsarm/armcc/10 2021.10/bin/../lib/gcc/arm-none-eabi/10.3.1/../../../../arm-none-eabi/lib/thumb/v6-m/nofp\libg.a(lib_a-calloc.o)
                              CMakeFiles/MCP2515_MCBRUSHLESS.dir/C_/VSARM/sdk/pico/pico-sdk/src/rp2_common/pico_malloc/pico_malloc.c.obj (calloc)
c:/vsarm/armcc/10 2021.10/bin/../lib/gcc/arm-none-eabi/10.3.1/../../../../arm-none-eabi/lib/thumb/v6-m/nofp\libg.a(lib_a-callocr.o)
                              c:/vsarm/armcc/10 2021.10/bin/../lib/gcc/arm-none-eabi/10.3.1/../../../../arm-none-eabi/lib/thumb/v6-m/nofp\libg.a(lib_a-calloc.o) (_calloc_r)
c:/vsarm/armcc/10 2021.10/bin/../lib/gcc/arm-none-eabi/10.3.1/../../../../arm-none-eabi/lib/thumb/v6-m/nofp\libg.a(lib_a-ctype_.o)
                              CMakeFiles/MCP2515_MCBRUSHLESS.dir/C_/VSARM/sdk/pico/pico-sdk/lib/tinyusb/src/tusb.c.obj (_ctype_)
c:/vsarm/armcc/10 2021.10/bin/../lib/gcc/arm-none-eabi/10.3.1/../../../../arm-none-eabi/lib/thumb/v6-m/nofp\libg.a(lib_a-errno.o)
                              c:/vsarm/armcc/10 2021.10/bin/../lib/gcc/arm-none-eabi/10.3.1/../../../../arm-none-eabi/lib/thumb/v6-m/nofp\libg.a(lib_a-callocr.o) (__errno)
c:/vsarm/armcc/10 2021.10/bin/../lib/gcc/arm-none-eabi/10.3.1/../../../../arm-none-eabi/lib/thumb/v6-m/nofp\libg.a(lib_a-impure.o)
                              c:/vsarm/armcc/10 2021.10/bin/../lib/gcc/arm-none-eabi/10.3.1/../../../../arm-none-eabi/lib/thumb/v6-m/nofp\libg.a(lib_a-calloc.o) (_impure_ptr)
c:/vsarm/armcc/10 2021.10/bin/../lib/gcc/arm-none-eabi/10.3.1/../../../../arm-none-eabi/lib/thumb/v6-m/nofp\libg.a(lib_a-init.o)
                              c:/vsarm/armcc/10 2021.10/bin/../lib/gcc/arm-none-eabi/10.3.1/../../../../arm-none-eabi/lib/thumb/v6-m/nofp/crt0.o (__libc_init_array)
c:/vsarm/armcc/10 2021.10/bin/../lib/gcc/arm-none-eabi/10.3.1/../../../../arm-none-eabi/lib/thumb/v6-m/nofp\libg.a(lib_a-malloc.o)
                              CMakeFiles/MCP2515_MCBRUSHLESS.dir/C_/VSARM/sdk/pico/pico-sdk/src/rp2_common/pico_malloc/pico_malloc.c.obj (malloc)
c:/vsarm/armcc/10 2021.10/bin/../lib/gcc/arm-none-eabi/10.3.1/../../../../arm-none-eabi/lib/thumb/v6-m/nofp\libg.a(lib_a-mallocr.o)
                              c:/vsarm/armcc/10 2021.10/bin/../lib/gcc/arm-none-eabi/10.3.1/../../../../arm-none-eabi/lib/thumb/v6-m/nofp\libg.a(lib_a-callocr.o) (_malloc_r)
c:/vsarm/armcc/10 2021.10/bin/../lib/gcc/arm-none-eabi/10.3.1/../../../../arm-none-eabi/lib/thumb/v6-m/nofp\libg.a(lib_a-mlock.o)
                              c:/vsarm/armcc/10 2021.10/bin/../lib/gcc/arm-none-eabi/10.3.1/../../../../arm-none-eabi/lib/thumb/v6-m/nofp\libg.a(lib_a-mallocr.o) (__malloc_lock)
c:/vsarm/armcc/10 2021.10/bin/../lib/gcc/arm-none-eabi/10.3.1/../../../../arm-none-eabi/lib/thumb/v6-m/nofp\libg.a(lib_a-sbrkr.o)
                              c:/vsarm/armcc/10 2021.10/bin/../lib/gcc/arm-none-eabi/10.3.1/../../../../arm-none-eabi/lib/thumb/v6-m/nofp\libg.a(lib_a-mallocr.o) (_sbrk_r)
c:/vsarm/armcc/10 2021.10/bin/../lib/gcc/arm-none-eabi/10.3.1/../../../../arm-none-eabi/lib/thumb/v6-m/nofp\libg.a(lib_a-strlen-stub.o)
                              CMakeFiles/MCP2515_MCBRUSHLESS.dir/C_/VSARM/sdk/pico/pico-sdk/src/rp2_common/pico_stdio/stdio.c.obj (strlen)
c:/vsarm/armcc/10 2021.10/bin/../lib/gcc/arm-none-eabi/10.3.1/../../../../arm-none-eabi/lib/thumb/v6-m/nofp\libg.a(lib_a-freer.o)
                              c:/vsarm/armcc/10 2021.10/bin/../lib/gcc/arm-none-eabi/10.3.1/../../../../arm-none-eabi/lib/thumb/v6-m/nofp\libg.a(lib_a-malloc.o) (_free_r)
c:/vsarm/armcc/10 2021.10/bin/../lib/gcc/arm-none-eabi/10.3.1/../../../../arm-none-eabi/lib/thumb/v6-m/nofp\libg.a(lib_a-lock.o)
                              c:/vsarm/armcc/10 2021.10/bin/../lib/gcc/arm-none-eabi/10.3.1/../../../../arm-none-eabi/lib/thumb/v6-m/nofp\libg.a(lib_a-mlock.o) (__retarget_lock_acquire_recursive)
c:/vsarm/armcc/10 2021.10/bin/../lib/gcc/arm-none-eabi/10.3.1/../../../../arm-none-eabi/lib/thumb/v6-m/nofp\libg.a(lib_a-reent.o)
                              c:/vsarm/armcc/10 2021.10/bin/../lib/gcc/arm-none-eabi/10.3.1/../../../../arm-none-eabi/lib/thumb/v6-m/nofp\libg.a(lib_a-sbrkr.o) (errno)

Discarded input sections

 .text          0x00000000        0x0 c:/vsarm/armcc/10 2021.10/bin/../lib/gcc/arm-none-eabi/10.3.1/thumb/v6-m/nofp/crti.o
 .data          0x00000000        0x0 c:/vsarm/armcc/10 2021.10/bin/../lib/gcc/arm-none-eabi/10.3.1/thumb/v6-m/nofp/crti.o
 .bss           0x00000000        0x0 c:/vsarm/armcc/10 2021.10/bin/../lib/gcc/arm-none-eabi/10.3.1/thumb/v6-m/nofp/crti.o
 .data          0x00000000        0x4 c:/vsarm/armcc/10 2021.10/bin/../lib/gcc/arm-none-eabi/10.3.1/thumb/v6-m/nofp/crtbegin.o
[...]
Memory Configuration

Name             Origin             Length             Attributes
FLASH            0x10000000         0x00200000         xr
RAM              0x20000000         0x00040000         xrw
SCRATCH_X        0x20040000         0x00001000         xrw
SCRATCH_Y        0x20041000         0x00001000         xrw
*default*        0x00000000         0xffffffff

Linker script and memory map

LOAD c:/vsarm/armcc/10 2021.10/bin/../lib/gcc/arm-none-eabi/10.3.1/thumb/v6-m/nofp/crti.o
LOAD c:/vsarm/armcc/10 2021.10/bin/../lib/gcc/arm-none-eabi/10.3.1/thumb/v6-m/nofp/crtbegin.o
LOAD c:/vsarm/armcc/10 2021.10/bin/../lib/gcc/arm-none-eabi/10.3.1/../../../../arm-none-eabi/lib/thumb/v6-m/nofp/crt0.o

.flash_begin    0x10000000        0x0
                0x10000000                __flash_binary_start = .

.boot2          0x10000000      0x100
                0x10000000                __boot2_start__ = .
 *(.boot2)
 .boot2         0x10000000      0x100 C:\Users\asid6\AppData\Local\Temp\ccCeWFxH.o
                0x10000100                __boot2_end__ = .
                0x00000001                ASSERT (((__boot2_end__ - __boot2_start__) == 0x100), ERROR: Pico second stage bootloader must be 256 bytes in size)

.text           0x10000100     0x8030
                0x10000100                __logical_binary_start = .
 *(.vectors)
 .vectors       0x10000100       0xd4 CMakeFiles/MCP2515_MCBRUSHLESS.dir/C_/VSARM/sdk/pico/pico-sdk/src/rp2_common/pico_standard_link/crt0.S.obj
                0x10000100                __VECTOR_TABLE
                0x10000100                __vectors
                0x100001c0                isr_invalid
                0x100001c0                __default_isrs_start
                0x100001c2                isr_nmi
                0x100001c4                isr_hardfault
                0x100001c6                isr_svcall
                0x100001c8                isr_pendsv
                0x100001ca                isr_systick
                0x100001cc                isr_irq23
                0x100001cc                isr_irq18
                0x100001cc                isr_irq11
                0x100001cc                isr_irq28
                0x100001cc                isr_irq19
                0x100001cc                isr_irq0
                0x100001cc                isr_irq6
                0x100001cc                isr_irq5
                0x100001cc                isr_irq12
                0x100001cc                isr_irq22
                0x100001cc                isr_irq31
                0x100001cc                isr_irq17
                0x100001cc                isr_irq27
                0x100001cc                isr_irq30
                0x100001cc                isr_irq2
                0x100001cc                isr_irq10
                0x100001cc                isr_irq8
                0x100001cc                isr_irq24
                0x100001cc                isr_irq1
                0x100001cc                isr_irq7
                0x100001cc                isr_irq21
                0x100001cc                isr_irq20
                0x100001cc                isr_irq15
                0x100001cc                isr_irq25
                0x100001cc                isr_irq13
                0x100001cc                __unhandled_user_irq
                0x100001cc                isr_irq4
                0x100001cc                isr_irq16
                0x100001cc                isr_irq29
                0x100001cc                isr_irq26
                0x100001cc                __default_isrs_end
                0x100001cc                isr_irq3
                0x100001cc                isr_irq14
                0x100001cc                isr_irq9
                0x100001d2                unhandled_user_irq_num_in_r0
 *(.binary_info_header)
 .binary_info_header
                0x100001d4       0x14 CMakeFiles/MCP2515_MCBRUSHLESS.dir/C_/VSARM/sdk/pico/pico-sdk/src/rp2_common/pico_standard_link/crt0.S.obj
                0x100001e8                __binary_info_header_end = .
 *(.reset)
 .reset         0x100001e8       0xa8 CMakeFiles/MCP2515_MCBRUSHLESS.dir/C_/VSARM/sdk/pico/pico-sdk/src/rp2_common/pico_standard_link/crt0.S.obj
                0x100001e8                _entry_point
                0x10000266                __get_current_exception
 .reset         0x10000290       0x30 CMakeFiles/MCP2515_MCBRUSHLESS.dir/C_/VSARM/sdk/pico/pico-sdk/src/rp2_common/pico_standard_link/binary_info.c.obj
 *(.init)
 .init          0x100002c0        0x4 c:/vsarm/armcc/10 2021.10/bin/../lib/gcc/arm-none-eabi/10.3.1/thumb/v6-m/nofp/crti.o
                0x100002c0                _init
 *(EXCLUDE_FILE(*libm.a: *libc.a:*lib_a-mem*.o *libgcc.a:) .text*)
 .text          0x100002c4       0x48 c:/vsarm/armcc/10 2021.10/bin/../lib/gcc/arm-none-eabi/10.3.1/thumb/v6-m/nofp/crtbegin.o
 .text.main     0x1000030c      0x19c CMakeFiles/MCP2515_MCBRUSHLESS.dir/main.c.obj
                0x1000030c                main
 .text.gpio_interrupt_callback
                0x100004a8       0x16 CMakeFiles/MCP2515_MCBRUSHLESS.dir/interrupts.c.obj
                0x100004a8                gpio_interrupt_callback
 *fill*         0x100004be        0x2 
 .text.begin_systick
                0x100004c0       0x20 CMakeFiles/MCP2515_MCBRUSHLESS.dir/CAN_util.c.obj
                0x100004c0                begin_systick
 .text.init_spi_dma
                0x100004e0      0x1c4 CMakeFiles/MCP2515_MCBRUSHLESS.dir/CAN_util.c.obj
                0x100004e0                init_spi_dma
 .text.MCP2515_read_reg
                0x100006a4       0x40 CMakeFiles/MCP2515_MCBRUSHLESS.dir/CAN_util.c.obj
                0x100006a4                MCP2515_read_reg
 .text.MCP2515_read_RXbuffer
                0x100006e4       0x44 CMakeFiles/MCP2515_MCBRUSHLESS.dir/CAN_util.c.obj
                0x100006e4                MCP2515_read_RXbuffer
 .text.MCP2515_write_bytes
                0x10000728       0x40 CMakeFiles/MCP2515_MCBRUSHLESS.dir/CAN_util.c.obj
                0x10000728                MCP2515_write_bytes
 .text.MCP2515_write_TXARBID
                0x10000768       0x40 CMakeFiles/MCP2515_MCBRUSHLESS.dir/CAN_util.c.obj
                0x10000768                MCP2515_write_TXARBID
 .text.MCP2515_write_RXARBID
                0x100007a8       0x30 CMakeFiles/MCP2515_MCBRUSHLESS.dir/CAN_util.c.obj
                0x100007a8                MCP2515_write_RXARBID
 .text.MCP2515_write_reg
                0x100007d8       0x2c CMakeFiles/MCP2515_MCBRUSHLESS.dir/CAN_util.c.obj
                0x100007d8                MCP2515_write_reg
 .text.MCP2515_write_bits
                0x10000804       0x30 CMakeFiles/MCP2515_MCBRUSHLESS.dir/CAN_util.c.obj
                0x10000804                MCP2515_write_bits
 .text.MCP2515_write_RTS
                0x10000834       0x2c CMakeFiles/MCP2515_MCBRUSHLESS.dir/CAN_util.c.obj
                0x10000834                MCP2515_write_RTS
 .text.MCP2515_write_TXdata
                0x10000860       0x40 CMakeFiles/MCP2515_MCBRUSHLESS.dir/CAN_util.c.obj
                0x10000860                MCP2515_write_TXdata
 .text.MCP2515_reset
                0x100008a0       0x28 CMakeFiles/MCP2515_MCBRUSHLESS.dir/CAN_util.c.obj
                0x100008a0                MCP2515_reset
 .text.MCP2515_Init
                0x100008c8      0x188 CMakeFiles/MCP2515_MCBRUSHLESS.dir/CAN_util.c.obj
                0x100008c8                MCP2515_Init
 .text.LED_Update
                0x10000a50       0x78 CMakeFiles/MCP2515_MCBRUSHLESS.dir/led.c.obj
                0x10000a50                LED_Update
 .text.LED_Init
                0x10000ac8       0x88 CMakeFiles/MCP2515_MCBRUSHLESS.dir/led.c.obj
                0x10000ac8                LED_Init
 .text.LED_Set_Status
                0x10000b50        0xc CMakeFiles/MCP2515_MCBRUSHLESS.dir/led.c.obj
                0x10000b50                LED_Set_Status
 .text.CANstack_encoderframe_callback
                0x10000b5c        0xc CMakeFiles/MCP2515_MCBRUSHLESS.dir/CANstack.c.obj
                0x10000b5c                CANstack_encoderframe_callback
 .text.CANstack_begin_encoderframe
                0x10000b68       0x64 CMakeFiles/MCP2515_MCBRUSHLESS.dir/CANstack.c.obj
                0x10000b68                CANstack_begin_encoderframe
 .text.CANstack_init
                0x10000bcc        0xa CMakeFiles/MCP2515_MCBRUSHLESS.dir/CANstack.c.obj
                0x10000bcc                CANstack_init
 *fill*         0x10000bd6        0x2 
 .text.CANstack_get_encoder_frame_trigger
                0x10000bd8        0xc CMakeFiles/MCP2515_MCBRUSHLESS.dir/CANstack.c.obj
                0x10000bd8                CANstack_get_encoder_frame_trigger
 .text.CANstack_set_encoder_frame_trigger
                0x10000be4        0xc CMakeFiles/MCP2515_MCBRUSHLESS.dir/CANstack.c.obj
                0x10000be4                CANstack_set_encoder_frame_trigger
 .text.init_hall_gpio
                0x10000bf0       0x30 CMakeFiles/MCP2515_MCBRUSHLESS.dir/brushless_drive.c.obj
                0x10000bf0                init_hall_gpio
 .text.brushless_slice_init
                0x10000c20      0x114 CMakeFiles/MCP2515_MCBRUSHLESS.dir/brushless_drive.c.obj
                0x10000c20                brushless_slice_init
 .text.brushless_init
                0x10000d34       0x94 CMakeFiles/MCP2515_MCBRUSHLESS.dir/brushless_drive.c.obj
                0x10000d34                brushless_init
 .text.brushless_set_throttle
                0x10000dc8        0xc CMakeFiles/MCP2515_MCBRUSHLESS.dir/brushless_drive.c.obj
                0x10000dc8                brushless_set_throttle
 .text.brushless_set_encoder
                0x10000dd4        0xc CMakeFiles/MCP2515_MCBRUSHLESS.dir/brushless_drive.c.obj
                0x10000dd4                brushless_set_encoder
 .text.brushless_get_encoder
                0x10000de0        0xc CMakeFiles/MCP2515_MCBRUSHLESS.dir/brushless_drive.c.obj
                0x10000de0                brushless_get_encoder
 .text.brushless_calculate_encoder
                0x10000dec       0x24 CMakeFiles/MCP2515_MCBRUSHLESS.dir/brushless_drive.c.obj
                0x10000dec                brushless_calculate_encoder
 .text.brushless_get_hall_states
                0x10000e10       0x22 CMakeFiles/MCP2515_MCBRUSHLESS.dir/brushless_drive.c.obj
                0x10000e10                brushless_get_hall_states
 *fill*         0x10000e32        0x2 
 .text.brushless_set_hbridge
                0x10000e34       0x48 CMakeFiles/MCP2515_MCBRUSHLESS.dir/brushless_drive.c.obj
                0x10000e34                brushless_set_hbridge
 .text.brushless_commutation_callback
                0x10000e7c      0x258 CMakeFiles/MCP2515_MCBRUSHLESS.dir/brushless_drive.c.obj
                0x10000e7c                brushless_commutation_callback
 .text.set_sys_clock_pll
                0x100010d4       0x78 CMakeFiles/MCP2515_MCBRUSHLESS.dir/C_/VSARM/sdk/pico/pico-sdk/src/rp2_common/pico_stdlib/stdlib.c.obj
                0x100010d4                set_sys_clock_pll
 .text.check_sys_clock_khz
                0x1000114c       0xb0 CMakeFiles/MCP2515_MCBRUSHLESS.dir/C_/VSARM/sdk/pico/pico-sdk/src/rp2_common/pico_stdlib/stdlib.c.obj
                0x1000114c                check_sys_clock_khz
 .text.gpio_set_function
                0x100011fc       0x30 CMakeFiles/MCP2515_MCBRUSHLESS.dir/C_/VSARM/sdk/pico/pico-sdk/src/rp2_common/hardware_gpio/gpio.c.obj
                0x100011fc                gpio_set_function
 .text.gpio_set_pulls
                0x1000122c       0x34 CMakeFiles/MCP2515_MCBRUSHLESS.dir/C_/VSARM/sdk/pico/pico-sdk/src/rp2_common/hardware_gpio/gpio.c.obj
                0x1000122c                gpio_set_pulls
 .text.gpio_acknowledge_irq
                0x10001260       0x18 CMakeFiles/MCP2515_MCBRUSHLESS.dir/C_/VSARM/sdk/pico/pico-sdk/src/rp2_common/hardware_gpio/gpio.c.obj
                0x10001260                gpio_acknowledge_irq
 .text._gpio_set_irq_enabled
                0x10001278       0x34 CMakeFiles/MCP2515_MCBRUSHLESS.dir/C_/VSARM/sdk/pico/pico-sdk/src/rp2_common/hardware_gpio/gpio.c.obj
 .text.gpio_set_irq_enabled
                0x100012ac       0x20 CMakeFiles/MCP2515_MCBRUSHLESS.dir/C_/VSARM/sdk/pico/pico-sdk/src/rp2_common/hardware_gpio/gpio.c.obj
                0x100012ac                gpio_set_irq_enabled
 .text.gpio_set_irq_enabled_with_callback
                0x100012cc       0x30 CMakeFiles/MCP2515_MCBRUSHLESS.dir/C_/VSARM/sdk/pico/pico-sdk/src/rp2_common/hardware_gpio/gpio.c.obj
                0x100012cc                gpio_set_irq_enabled_with_callback
 .text.gpio_irq_handler
                0x100012fc       0x68 CMakeFiles/MCP2515_MCBRUSHLESS.dir/C_/VSARM/sdk/pico/pico-sdk/src/rp2_common/hardware_gpio/gpio.c.obj
 .text.gpio_init
                0x10001364       0x16 CMakeFiles/MCP2515_MCBRUSHLESS.dir/C_/VSARM/sdk/pico/pico-sdk/src/rp2_common/hardware_gpio/gpio.c.obj
                0x10001364                gpio_init
 *fill*         0x1000137a        0x2 
 .text.hw_claim_lock
                0x1000137c       0x18 CMakeFiles/MCP2515_MCBRUSHLESS.dir/C_/VSARM/sdk/pico/pico-sdk/src/rp2_common/hardware_claim/claim.c.obj
                0x1000137c                hw_claim_lock
 .text.hw_claim_unlock
                0x10001394       0x14 CMakeFiles/MCP2515_MCBRUSHLESS.dir/C_/VSARM/sdk/pico/pico-sdk/src/rp2_common/hardware_claim/claim.c.obj
                0x10001394                hw_claim_unlock
 .text.hw_claim_or_assert
                0x100013a8       0x32 CMakeFiles/MCP2515_MCBRUSHLESS.dir/C_/VSARM/sdk/pico/pico-sdk/src/rp2_common/hardware_claim/claim.c.obj
                0x100013a8                hw_claim_or_assert
 .text.hw_claim_unused_from_range
                0x100013da       0x50 CMakeFiles/MCP2515_MCBRUSHLESS.dir/C_/VSARM/sdk/pico/pico-sdk/src/rp2_common/hardware_claim/claim.c.obj
                0x100013da                hw_claim_unused_from_range
 *fill*         0x1000142a        0x2 
 .text.running_on_fpga
                0x1000142c       0x14 CMakeFiles/MCP2515_MCBRUSHLESS.dir/C_/VSARM/sdk/pico/pico-sdk/src/rp2_common/pico_platform/platform.c.obj
                0x1000142c                running_on_fpga
 .text.spin_locks_reset
                0x10001440       0x20 CMakeFiles/MCP2515_MCBRUSHLESS.dir/C_/VSARM/sdk/pico/pico-sdk/src/rp2_common/hardware_sync/sync.c.obj
                0x10001440                spin_locks_reset
 .text.next_striped_spin_lock_num
                0x10001460       0x1c CMakeFiles/MCP2515_MCBRUSHLESS.dir/C_/VSARM/sdk/pico/pico-sdk/src/rp2_common/hardware_sync/sync.c.obj
                0x10001460                next_striped_spin_lock_num
 .text.spin_lock_claim_unused
                0x1000147c       0x20 CMakeFiles/MCP2515_MCBRUSHLESS.dir/C_/VSARM/sdk/pico/pico-sdk/src/rp2_common/hardware_sync/sync.c.obj
                0x1000147c                spin_lock_claim_unused
 .text.repeating_timer_callback
                0x1000149c       0x40 CMakeFiles/MCP2515_MCBRUSHLESS.dir/C_/VSARM/sdk/pico/pico-sdk/src/common/pico_time/time.c.obj
 .text.alarm_pool_post_alloc_init
                0x100014dc       0x40 CMakeFiles/MCP2515_MCBRUSHLESS.dir/C_/VSARM/sdk/pico/pico-sdk/src/common/pico_time/time.c.obj
 .text.sleep_until_callback
                0x1000151c       0x30 CMakeFiles/MCP2515_MCBRUSHLESS.dir/C_/VSARM/sdk/pico/pico-sdk/src/common/pico_time/time.c.obj
 .text.timer_pool_entry_comparator
                0x1000154c       0x7c CMakeFiles/MCP2515_MCBRUSHLESS.dir/C_/VSARM/sdk/pico/pico-sdk/src/common/pico_time/time.c.obj
                0x1000154c                timer_pool_entry_comparator
 .text.ph_add_child_node
                0x100015c8       0xa4 CMakeFiles/MCP2515_MCBRUSHLESS.dir/C_/VSARM/sdk/pico/pico-sdk/src/common/pico_time/time.c.obj
 .text.ph_merge_nodes
                0x1000166c       0x3e CMakeFiles/MCP2515_MCBRUSHLESS.dir/C_/VSARM/sdk/pico/pico-sdk/src/common/pico_time/time.c.obj
 *fill*         0x100016aa        0x2 
 .text.add_alarm_under_lock
                0x100016ac      0x174 CMakeFiles/MCP2515_MCBRUSHLESS.dir/C_/VSARM/sdk/pico/pico-sdk/src/common/pico_time/time.c.obj
 .text.alarm_pool_alarm_callback
                0x10001820      0x328 CMakeFiles/MCP2515_MCBRUSHLESS.dir/C_/VSARM/sdk/pico/pico-sdk/src/common/pico_time/time.c.obj
 .text.alarm_pool_init_default
                0x10001b48       0x38 CMakeFiles/MCP2515_MCBRUSHLESS.dir/C_/VSARM/sdk/pico/pico-sdk/src/common/pico_time/time.c.obj
                0x10001b48                alarm_pool_init_default
 .text.alarm_pool_get_default
                0x10001b80       0x2c CMakeFiles/MCP2515_MCBRUSHLESS.dir/C_/VSARM/sdk/pico/pico-sdk/src/common/pico_time/time.c.obj
                0x10001b80                alarm_pool_get_default
 .text.alarm_pool_add_alarm_at
                0x10001bac      0x170 CMakeFiles/MCP2515_MCBRUSHLESS.dir/C_/VSARM/sdk/pico/pico-sdk/src/common/pico_time/time.c.obj
                0x10001bac                alarm_pool_add_alarm_at
 .text.alarm_pool_cancel_alarm
                0x10001d1c       0xf0 CMakeFiles/MCP2515_MCBRUSHLESS.dir/C_/VSARM/sdk/pico/pico-sdk/src/common/pico_time/time.c.obj
                0x10001d1c                alarm_pool_cancel_alarm
 .text.alarm_pool_add_repeating_timer_us
                0x10001e0c       0x9c CMakeFiles/MCP2515_MCBRUSHLESS.dir/C_/VSARM/sdk/pico/pico-sdk/src/common/pico_time/time.c.obj
                0x10001e0c                alarm_pool_add_repeating_timer_us
 .text.best_effort_wfe_or_timeout
                0x10001ea8       0x80 CMakeFiles/MCP2515_MCBRUSHLESS.dir/C_/VSARM/sdk/pico/pico-sdk/src/common/pico_time/time.c.obj
                0x10001ea8                best_effort_wfe_or_timeout
 .text.hardware_alarm_irq_handler
                0x10001f28       0x8c CMakeFiles/MCP2515_MCBRUSHLESS.dir/C_/VSARM/sdk/pico/pico-sdk/src/rp2_common/hardware_timer/timer.c.obj
 .text.hardware_alarm_claim
                0x10001fb4       0x18 CMakeFiles/MCP2515_MCBRUSHLESS.dir/C_/VSARM/sdk/pico/pico-sdk/src/rp2_common/hardware_timer/timer.c.obj
                0x10001fb4                hardware_alarm_claim
 .text.time_us_64
                0x10001fcc       0x18 CMakeFiles/MCP2515_MCBRUSHLESS.dir/C_/VSARM/sdk/pico/pico-sdk/src/rp2_common/hardware_timer/timer.c.obj
                0x10001fcc                time_us_64
 .text.busy_wait_until
                0x10001fe4       0x28 CMakeFiles/MCP2515_MCBRUSHLESS.dir/C_/VSARM/sdk/pico/pico-sdk/src/rp2_common/hardware_timer/timer.c.obj
                0x10001fe4                busy_wait_until
 .text.busy_wait_us
                0x1000200c       0x48 CMakeFiles/MCP2515_MCBRUSHLESS.dir/C_/VSARM/sdk/pico/pico-sdk/src/rp2_common/hardware_timer/timer.c.obj
                0x1000200c                busy_wait_us
 .text.busy_wait_us_32
                0x10002054       0x24 CMakeFiles/MCP2515_MCBRUSHLESS.dir/C_/VSARM/sdk/pico/pico-sdk/src/rp2_common/hardware_timer/timer.c.obj
                0x10002054                busy_wait_us_32
 .text.busy_wait_ms
                0x10002078       0x30 CMakeFiles/MCP2515_MCBRUSHLESS.dir/C_/VSARM/sdk/pico/pico-sdk/src/rp2_common/hardware_timer/timer.c.obj
                0x10002078                busy_wait_ms
 .text.hardware_alarm_set_callback
                0x100020a8       0x90 CMakeFiles/MCP2515_MCBRUSHLESS.dir/C_/VSARM/sdk/pico/pico-sdk/src/rp2_common/hardware_timer/timer.c.obj
                0x100020a8                hardware_alarm_set_callback
 .text.hardware_alarm_set_target
                0x10002138       0xe8 CMakeFiles/MCP2515_MCBRUSHLESS.dir/C_/VSARM/sdk/pico/pico-sdk/src/rp2_common/hardware_timer/timer.c.obj
                0x10002138                hardware_alarm_set_target
 .text.hardware_alarm_cancel
                0x10002220       0x40 CMakeFiles/MCP2515_MCBRUSHLESS.dir/C_/VSARM/sdk/pico/pico-sdk/src/rp2_common/hardware_timer/timer.c.obj
                0x10002220                hardware_alarm_cancel
 .text.lock_init
                0x10002260       0x10 CMakeFiles/MCP2515_MCBRUSHLESS.dir/C_/VSARM/sdk/pico/pico-sdk/src/common/pico_sync/lock_core.c.obj
                0x10002260                lock_init
 .text.mutex_init
                0x10002270       0x1a CMakeFiles/MCP2515_MCBRUSHLESS.dir/C_/VSARM/sdk/pico/pico-sdk/src/common/pico_sync/mutex.c.obj
                0x10002270                mutex_init
 .text.recursive_mutex_init
                0x1000228a       0x1e CMakeFiles/MCP2515_MCBRUSHLESS.dir/C_/VSARM/sdk/pico/pico-sdk/src/common/pico_sync/mutex.c.obj
                0x1000228a                recursive_mutex_init
 .text.critical_section_init_with_lock_num
                0x100022a8       0x14 CMakeFiles/MCP2515_MCBRUSHLESS.dir/C_/VSARM/sdk/pico/pico-sdk/src/common/pico_sync/critical_section.c.obj
                0x100022a8                critical_section_init_with_lock_num
 .text.critical_section_init
                0x100022bc       0x14 CMakeFiles/MCP2515_MCBRUSHLESS.dir/C_/VSARM/sdk/pico/pico-sdk/src/common/pico_sync/critical_section.c.obj
                0x100022bc                critical_section_init
 .text.ph_add_child_node
                0x100022d0       0xa4 CMakeFiles/MCP2515_MCBRUSHLESS.dir/C_/VSARM/sdk/pico/pico-sdk/src/common/pico_util/pheap.c.obj
 .text.ph_merge_nodes
                0x10002374       0x3e CMakeFiles/MCP2515_MCBRUSHLESS.dir/C_/VSARM/sdk/pico/pico-sdk/src/common/pico_util/pheap.c.obj
 *fill*         0x100023b2        0x2 
 .text.ph_clear
                0x100023b4       0x70 CMakeFiles/MCP2515_MCBRUSHLESS.dir/C_/VSARM/sdk/pico/pico-sdk/src/common/pico_util/pheap.c.obj
                0x100023b4                ph_clear
 .text.ph_post_alloc_init
                0x10002424        0xe CMakeFiles/MCP2515_MCBRUSHLESS.dir/C_/VSARM/sdk/pico/pico-sdk/src/common/pico_util/pheap.c.obj
                0x10002424                ph_post_alloc_init
 *fill*         0x10002432        0x2 
 .text.ph_merge_two_pass
                0x10002434       0xa8 CMakeFiles/MCP2515_MCBRUSHLESS.dir/C_/VSARM/sdk/pico/pico-sdk/src/common/pico_util/pheap.c.obj
                0x10002434                ph_merge_two_pass
 .text.ph_remove_any_head
                0x100024dc      0x108 CMakeFiles/MCP2515_MCBRUSHLESS.dir/C_/VSARM/sdk/pico/pico-sdk/src/common/pico_util/pheap.c.obj
 .text.ph_remove_head
                0x100025e4       0x14 CMakeFiles/MCP2515_MCBRUSHLESS.dir/C_/VSARM/sdk/pico/pico-sdk/src/common/pico_util/pheap.c.obj
                0x100025e4                ph_remove_head
 .text.ph_remove_and_free_node
                0x100025f8       0xf8 CMakeFiles/MCP2515_MCBRUSHLESS.dir/C_/VSARM/sdk/pico/pico-sdk/src/common/pico_util/pheap.c.obj
                0x100025f8                ph_remove_and_free_node
 .text._exit    0x100026f0        0x4 CMakeFiles/MCP2515_MCBRUSHLESS.dir/C_/VSARM/sdk/pico/pico-sdk/src/rp2_common/pico_runtime/runtime.c.obj
                0x100026f0                _exit
 .text.exit     0x100026f4        0x6 CMakeFiles/MCP2515_MCBRUSHLESS.dir/C_/VSARM/sdk/pico/pico-sdk/src/rp2_common/pico_runtime/runtime.c.obj
                0x100026f4                exit
 *fill*         0x100026fa        0x2 
 .text.__assert_func
                0x100026fc       0x3c CMakeFiles/MCP2515_MCBRUSHLESS.dir/C_/VSARM/sdk/pico/pico-sdk/src/rp2_common/pico_runtime/runtime.c.obj
                0x100026fc                __assert_func
 .text.runtime_init
                0x10002738       0xf8 CMakeFiles/MCP2515_MCBRUSHLESS.dir/C_/VSARM/sdk/pico/pico-sdk/src/rp2_common/pico_runtime/runtime.c.obj
                0x10002738                runtime_init
 .text.panic    0x10002830       0x30 CMakeFiles/MCP2515_MCBRUSHLESS.dir/C_/VSARM/sdk/pico/pico-sdk/src/rp2_common/pico_runtime/runtime.c.obj
                0x10002830                panic
 .text.clock_configure
                0x10002860      0x104 CMakeFiles/MCP2515_MCBRUSHLESS.dir/C_/VSARM/sdk/pico/pico-sdk/src/rp2_common/hardware_clocks/clocks.c.obj
                0x10002860                clock_configure
 .text.clocks_init
                0x10002964      0x100 CMakeFiles/MCP2515_MCBRUSHLESS.dir/C_/VSARM/sdk/pico/pico-sdk/src/rp2_common/hardware_clocks/clocks.c.obj
                0x10002964                clocks_init
 .text.clock_get_hz
                0x10002a64        0xc CMakeFiles/MCP2515_MCBRUSHLESS.dir/C_/VSARM/sdk/pico/pico-sdk/src/rp2_common/hardware_clocks/clocks.c.obj
                0x10002a64                clock_get_hz
 .text.set_raw_irq_handler_and_unlock
                0x10002a70       0x28 CMakeFiles/MCP2515_MCBRUSHLESS.dir/C_/VSARM/sdk/pico/pico-sdk/src/rp2_common/hardware_irq/irq.c.obj
 .text.make_branch
                0x10002a98       0x34 CMakeFiles/MCP2515_MCBRUSHLESS.dir/C_/VSARM/sdk/pico/pico-sdk/src/rp2_common/hardware_irq/irq.c.obj
 .text.insert_branch_and_link
                0x10002acc       0x40 CMakeFiles/MCP2515_MCBRUSHLESS.dir/C_/VSARM/sdk/pico/pico-sdk/src/rp2_common/hardware_irq/irq.c.obj
 .text.irq_is_enabled
                0x10002b0c       0x18 CMakeFiles/MCP2515_MCBRUSHLESS.dir/C_/VSARM/sdk/pico/pico-sdk/src/rp2_common/hardware_irq/irq.c.obj
                0x10002b0c                irq_is_enabled
 .text.irq_set_mask_enabled
                0x10002b24       0x20 CMakeFiles/MCP2515_MCBRUSHLESS.dir/C_/VSARM/sdk/pico/pico-sdk/src/rp2_common/hardware_irq/irq.c.obj
                0x10002b24                irq_set_mask_enabled
 .text.irq_set_enabled
                0x10002b44        0xe CMakeFiles/MCP2515_MCBRUSHLESS.dir/C_/VSARM/sdk/pico/pico-sdk/src/rp2_common/hardware_irq/irq.c.obj
                0x10002b44                irq_set_enabled
 *fill*         0x10002b52        0x2 
 .text.irq_set_pending
                0x10002b54       0x10 CMakeFiles/MCP2515_MCBRUSHLESS.dir/C_/VSARM/sdk/pico/pico-sdk/src/rp2_common/hardware_irq/irq.c.obj
                0x10002b54                irq_set_pending
 .text.irq_get_vtable_handler
                0x10002b64       0x10 CMakeFiles/MCP2515_MCBRUSHLESS.dir/C_/VSARM/sdk/pico/pico-sdk/src/rp2_common/hardware_irq/irq.c.obj
                0x10002b64                irq_get_vtable_handler
 .text.irq_set_exclusive_handler
                0x10002b74       0x54 CMakeFiles/MCP2515_MCBRUSHLESS.dir/C_/VSARM/sdk/pico/pico-sdk/src/rp2_common/hardware_irq/irq.c.obj
                0x10002b74                irq_set_exclusive_handler
 .text.irq_remove_handler
                0x10002bc8      0x1ac CMakeFiles/MCP2515_MCBRUSHLESS.dir/C_/VSARM/sdk/pico/pico-sdk/src/rp2_common/hardware_irq/irq.c.obj
                0x10002bc8                irq_remove_handler
 .text.irq_add_tail_to_free_list
                0x10002d74       0xf0 CMakeFiles/MCP2515_MCBRUSHLESS.dir/C_/VSARM/sdk/pico/pico-sdk/src/rp2_common/hardware_irq/irq.c.obj
                0x10002d74                irq_add_tail_to_free_list
 .text.irq_init_priorities
                0x10002e64       0x1c CMakeFiles/MCP2515_MCBRUSHLESS.dir/C_/VSARM/sdk/pico/pico-sdk/src/rp2_common/hardware_irq/irq.c.obj
                0x10002e64                irq_init_priorities
 .text.pll_init
                0x10002e80      0x118 CMakeFiles/MCP2515_MCBRUSHLESS.dir/C_/VSARM/sdk/pico/pico-sdk/src/rp2_common/hardware_pll/pll.c.obj
                0x10002e80                pll_init
 .text.watchdog_start_tick
                0x10002f98       0x10 CMakeFiles/MCP2515_MCBRUSHLESS.dir/C_/VSARM/sdk/pico/pico-sdk/src/rp2_common/hardware_watchdog/watchdog.c.obj
                0x10002f98                watchdog_start_tick
 .text.watchdog_update
                0x10002fa8       0x14 CMakeFiles/MCP2515_MCBRUSHLESS.dir/C_/VSARM/sdk/pico/pico-sdk/src/rp2_common/hardware_watchdog/watchdog.c.obj
                0x10002fa8                watchdog_update
 .text._watchdog_enable
                0x10002fbc       0x78 CMakeFiles/MCP2515_MCBRUSHLESS.dir/C_/VSARM/sdk/pico/pico-sdk/src/rp2_common/hardware_watchdog/watchdog.c.obj
                0x10002fbc                _watchdog_enable
 .text.watchdog_enable
                0x10003034       0x18 CMakeFiles/MCP2515_MCBRUSHLESS.dir/C_/VSARM/sdk/pico/pico-sdk/src/rp2_common/hardware_watchdog/watchdog.c.obj
                0x10003034                watchdog_enable
 .text.watchdog_reboot
                0x1000304c       0x48 CMakeFiles/MCP2515_MCBRUSHLESS.dir/C_/VSARM/sdk/pico/pico-sdk/src/rp2_common/hardware_watchdog/watchdog.c.obj
                0x1000304c                watchdog_reboot
 .text.xosc_init
                0x10003094       0x28 CMakeFiles/MCP2515_MCBRUSHLESS.dir/C_/VSARM/sdk/pico/pico-sdk/src/rp2_common/hardware_xosc/xosc.c.obj
                0x10003094                xosc_init
 .text._out_null
                0x100030bc        0x2 CMakeFiles/MCP2515_MCBRUSHLESS.dir/C_/VSARM/sdk/pico/pico-sdk/src/rp2_common/pico_printf/printf.c.obj
 .text._out_fct
                0x100030be        0xe CMakeFiles/MCP2515_MCBRUSHLESS.dir/C_/VSARM/sdk/pico/pico-sdk/src/rp2_common/pico_printf/printf.c.obj
 .text._atoi    0x100030cc       0x24 CMakeFiles/MCP2515_MCBRUSHLESS.dir/C_/VSARM/sdk/pico/pico-sdk/src/rp2_common/pico_printf/printf.c.obj
 .text._out_rev
                0x100030f0       0xae CMakeFiles/MCP2515_MCBRUSHLESS.dir/C_/VSARM/sdk/pico/pico-sdk/src/rp2_common/pico_printf/printf.c.obj
 .text._ntoa_format
                0x1000319e      0x112 CMakeFiles/MCP2515_MCBRUSHLESS.dir/C_/VSARM/sdk/pico/pico-sdk/src/rp2_common/pico_printf/printf.c.obj
 .text._ntoa_long
                0x100032b0       0xbc CMakeFiles/MCP2515_MCBRUSHLESS.dir/C_/VSARM/sdk/pico/pico-sdk/src/rp2_common/pico_printf/printf.c.obj
 .text._ntoa_long_long
                0x1000336c       0xe2 CMakeFiles/MCP2515_MCBRUSHLESS.dir/C_/VSARM/sdk/pico/pico-sdk/src/rp2_common/pico_printf/printf.c.obj
 *fill*         0x1000344e        0x2 
 .text._etoa    0x10003450      0x414 CMakeFiles/MCP2515_MCBRUSHLESS.dir/C_/VSARM/sdk/pico/pico-sdk/src/rp2_common/pico_printf/printf.c.obj
 .text._ftoa    0x10003864      0x354 CMakeFiles/MCP2515_MCBRUSHLESS.dir/C_/VSARM/sdk/pico/pico-sdk/src/rp2_common/pico_printf/printf.c.obj
 .text._vsnprintf
                0x10003bb8      0x624 CMakeFiles/MCP2515_MCBRUSHLESS.dir/C_/VSARM/sdk/pico/pico-sdk/src/rp2_common/pico_printf/printf.c.obj
 .text.vfctprintf
                0x100041dc       0x20 CMakeFiles/MCP2515_MCBRUSHLESS.dir/C_/VSARM/sdk/pico/pico-sdk/src/rp2_common/pico_printf/printf.c.obj
                0x100041dc                vfctprintf
 .text          0x100041fc       0x10 CMakeFiles/MCP2515_MCBRUSHLESS.dir/C_/VSARM/sdk/pico/pico-sdk/src/rp2_common/pico_bit_ops/bit_ops_aeabi.S.obj
 .text.rom_func_lookup
                0x1000420c       0x10 CMakeFiles/MCP2515_MCBRUSHLESS.dir/C_/VSARM/sdk/pico/pico-sdk/src/rp2_common/pico_bootrom/bootrom.c.obj
                0x1000420c                rom_func_lookup
 .text.rom_data_lookup
                0x1000421c       0x10 CMakeFiles/MCP2515_MCBRUSHLESS.dir/C_/VSARM/sdk/pico/pico-sdk/src/rp2_common/pico_bootrom/bootrom.c.obj
                0x1000421c                rom_data_lookup
 .text.rom_funcs_lookup
                0x1000422c       0x36 CMakeFiles/MCP2515_MCBRUSHLESS.dir/C_/VSARM/sdk/pico/pico-sdk/src/rp2_common/pico_bootrom/bootrom.c.obj
                0x1000422c                rom_funcs_lookup
 *fill*         0x10004262        0x2 
 .text.__wrap___aeabi_idiv
                0x10004264       0x50 CMakeFiles/MCP2515_MCBRUSHLESS.dir/C_/VSARM/sdk/pico/pico-sdk/src/rp2_common/pico_divider/divider.S.obj
                0x10004264                __wrap___aeabi_idivmod
                0x10004264                divmod_s32s32
                0x10004264                div_s32s32
                0x10004264                __wrap___aeabi_idiv
                0x1000426c                divmod_s32s32_unsafe
                0x10004298                divmod_s32s32_savestate
 .text.__wrap___aeabi_uidiv
                0x100042b4       0x4c CMakeFiles/MCP2515_MCBRUSHLESS.dir/C_/VSARM/sdk/pico/pico-sdk/src/rp2_common/pico_divider/divider.S.obj
                0x100042b4                __wrap___aeabi_uidiv
                0x100042b4                __wrap___aeabi_uidivmod
                0x100042b4                div_u32u32
                0x100042b4                divmod_u32u32
                0x100042bc                divmod_u32u32_unsafe
                0x100042e4                divmod_u32u32_savestate
 .text.__wrap___aeabi_ldiv
                0x10004300      0x434 CMakeFiles/MCP2515_MCBRUSHLESS.dir/C_/VSARM/sdk/pico/pico-sdk/src/rp2_common/pico_divider/divider.S.obj
                0x10004300                div_s64s64
                0x10004300                divmod_s64s64
                0x10004300                __wrap___aeabi_ldivmod
                0x10004338                divmod_u64u64
                0x10004338                div_u64u64
                0x10004338                __wrap___aeabi_uldivmod
                0x10004348                divmod_u64u64_savestate
                0x10004370                divmod_s64s64_unsafe
                0x100043f8                divmod_u64u64_unsafe
 .text.__wrap___aeabi_darithmetic
                0x10004734       0x80 CMakeFiles/MCP2515_MCBRUSHLESS.dir/C_/VSARM/sdk/pico/pico-sdk/src/rp2_common/pico_double/double_aeabi.S.obj
                0x10004734                __wrap___aeabi_drsub
                0x1000473a                __wrap___aeabi_dsub
                0x1000474c                __wrap___aeabi_dadd
                0x1000475e                __wrap___aeabi_ddiv
                0x1000479a                __wrap___aeabi_dmul
 .text.__wrap___aeabi_cdcmple
                0x100047b4       0x6c CMakeFiles/MCP2515_MCBRUSHLESS.dir/C_/VSARM/sdk/pico/pico-sdk/src/rp2_common/pico_double/double_aeabi.S.obj
                0x100047b4                __wrap___aeabi_cdrcmple
                0x100047c4                __wrap___aeabi_cdcmpeq
                0x100047c4                __wrap___aeabi_cdcmple
 .text.__wrap___aeabi_dcmplt
                0x10004820        0xc CMakeFiles/MCP2515_MCBRUSHLESS.dir/C_/VSARM/sdk/pico/pico-sdk/src/rp2_common/pico_double/double_aeabi.S.obj
                0x10004820                __wrap___aeabi_dcmplt
 .text.__wrap___aeabi_dcmple
                0x1000482c       0x10 CMakeFiles/MCP2515_MCBRUSHLESS.dir/C_/VSARM/sdk/pico/pico-sdk/src/rp2_common/pico_double/double_aeabi.S.obj
                0x1000482c                __wrap___aeabi_dcmple
 .text.__wrap___aeabi_dcmpge
                0x1000483c       0x10 CMakeFiles/MCP2515_MCBRUSHLESS.dir/C_/VSARM/sdk/pico/pico-sdk/src/rp2_common/pico_double/double_aeabi.S.obj
                0x1000483c                __wrap___aeabi_dcmpge
 .text.__wrap___aeabi_dcmpgt
                0x1000484c        0xa CMakeFiles/MCP2515_MCBRUSHLESS.dir/C_/VSARM/sdk/pico/pico-sdk/src/rp2_common/pico_double/double_aeabi.S.obj
                0x1000484c                __wrap___aeabi_dcmpgt
 .text.__wrap___aeabi_dcmpun
                0x10004856       0x1c CMakeFiles/MCP2515_MCBRUSHLESS.dir/C_/VSARM/sdk/pico/pico-sdk/src/rp2_common/pico_double/double_aeabi.S.obj
                0x10004856                __wrap___aeabi_dcmpun
 *fill*         0x10004872        0x2 
 .text.__wrap___aeabi_i2d
                0x10004874       0x38 CMakeFiles/MCP2515_MCBRUSHLESS.dir/C_/VSARM/sdk/pico/pico-sdk/src/rp2_common/pico_double/double_aeabi.S.obj
                0x10004874                __wrap___aeabi_ui2d
                0x1000487c                __wrap___aeabi_i2d
 .text.__wrap___aeabi_d2iz
                0x100048ac       0x48 CMakeFiles/MCP2515_MCBRUSHLESS.dir/C_/VSARM/sdk/pico/pico-sdk/src/rp2_common/pico_double/double_aeabi.S.obj
                0x100048ac                double2int_z
                0x100048ac                __wrap___aeabi_d2iz
 .text.__wrap___aeabi_d2uiz
                0x100048f4       0x18 CMakeFiles/MCP2515_MCBRUSHLESS.dir/C_/VSARM/sdk/pico/pico-sdk/src/rp2_common/pico_double/double_aeabi.S.obj
                0x100048f4                __wrap___aeabi_d2uiz
                0x100048f4                double2uint
 .text.__aeabi_double_init
                0x1000490c       0xc8 CMakeFiles/MCP2515_MCBRUSHLESS.dir/C_/VSARM/sdk/pico/pico-sdk/src/rp2_common/pico_double/double_init_rom.c.obj
                0x1000490c                __aeabi_double_init
 .text.double_table_shim_on_use_helper
                0x100049d4       0x34 CMakeFiles/MCP2515_MCBRUSHLESS.dir/C_/VSARM/sdk/pico/pico-sdk/src/rp2_common/pico_double/double_v1_rom_shim.S.obj
                0x100049d4                double_table_shim_on_use_helper
 .text.__wrap___aeabi_dsub
                0x10004a08       0x10 CMakeFiles/MCP2515_MCBRUSHLESS.dir/C_/VSARM/sdk/pico/pico-sdk/src/rp2_common/pico_double/double_v1_rom_shim.S.obj
                0x10004a08                drsub_shim
                0x10004a0e                dsub_shim
 .text.dadd_shim
                0x10004a18      0x15c CMakeFiles/MCP2515_MCBRUSHLESS.dir/C_/VSARM/sdk/pico/pico-sdk/src/rp2_common/pico_double/double_v1_rom_shim.S.obj
                0x10004a18                dadd_shim
 .text.dmul_shim
                0x10004b74      0x15c CMakeFiles/MCP2515_MCBRUSHLESS.dir/C_/VSARM/sdk/pico/pico-sdk/src/rp2_common/pico_double/double_v1_rom_shim.S.obj
                0x10004b74                dmul_shim
 .text.ddiv_shim
                0x10004cd0      0x1b0 CMakeFiles/MCP2515_MCBRUSHLESS.dir/C_/VSARM/sdk/pico/pico-sdk/src/rp2_common/pico_double/double_v1_rom_shim.S.obj
                0x10004cd0                ddiv_shim
 .text.double2uint_shim
                0x10004e80        0xe CMakeFiles/MCP2515_MCBRUSHLESS.dir/C_/VSARM/sdk/pico/pico-sdk/src/rp2_common/pico_double/double_v1_rom_shim.S.obj
                0x10004e80                double2uint_shim
                0x10004e82                double2ufix_shim
 *fill*         0x10004e8e        0x2 
 .text.double2uint64_shim
                0x10004e90       0x70 CMakeFiles/MCP2515_MCBRUSHLESS.dir/C_/VSARM/sdk/pico/pico-sdk/src/rp2_common/pico_double/double_v1_rom_shim.S.obj
                0x10004e90                double2uint64_shim
                0x10004e92                double2ufix64_shim
                0x10004eb2                d2fix_a
 .text.dunpacks
                0x10004f00       0x3c CMakeFiles/MCP2515_MCBRUSHLESS.dir/C_/VSARM/sdk/pico/pico-sdk/src/rp2_common/pico_double/double_v1_rom_shim.S.obj
                0x10004f00                dunpacks
 .text.__aeabi_lmul
                0x10004f3c       0x32 CMakeFiles/MCP2515_MCBRUSHLESS.dir/C_/VSARM/sdk/pico/pico-sdk/src/rp2_common/pico_int64_ops/pico_int64_ops_aeabi.S.obj
                0x10004f3c                __wrap___aeabi_lmul
 *fill*         0x10004f6e        0x2 
 .text.__aeabi_float_init
                0x10004f70       0xfc CMakeFiles/MCP2515_MCBRUSHLESS.dir/C_/VSARM/sdk/pico/pico-sdk/src/rp2_common/pico_float/float_init_rom.c.obj
                0x10004f70                __aeabi_float_init
 .text.float_table_shim_on_use_helper
                0x1000506c       0x34 CMakeFiles/MCP2515_MCBRUSHLESS.dir/C_/VSARM/sdk/pico/pico-sdk/src/rp2_common/pico_float/float_v1_rom_shim.S.obj
                0x1000506c                float_table_shim_on_use_helper
 .text          0x100050a0       0x10 CMakeFiles/MCP2515_MCBRUSHLESS.dir/C_/VSARM/sdk/pico/pico-sdk/src/rp2_common/pico_mem_ops/mem_ops_aeabi.S.obj
                0x100050a0                __aeabi_mem_init
 .text.memset   0x100050b0        0xc CMakeFiles/MCP2515_MCBRUSHLESS.dir/C_/VSARM/sdk/pico/pico-sdk/src/rp2_common/pico_mem_ops/mem_ops_aeabi.S.obj
                0x100050b0                __wrap_memset
 .text.memcpy   0x100050bc        0xc CMakeFiles/MCP2515_MCBRUSHLESS.dir/C_/VSARM/sdk/pico/pico-sdk/src/rp2_common/pico_mem_ops/mem_ops_aeabi.S.obj
                0x100050bc                __wrap_memcpy
                0x100050bc                __wrap___aeabi_memcpy
 .text.stdio_out_chars_no_crlf
                0x100050c8        0xe CMakeFiles/MCP2515_MCBRUSHLESS.dir/C_/VSARM/sdk/pico/pico-sdk/src/rp2_common/pico_stdio/stdio.c.obj
 *fill*         0x100050d6        0x2 
 .text.stdio_out_chars_crlf
                0x100050d8       0x80 CMakeFiles/MCP2515_MCBRUSHLESS.dir/C_/VSARM/sdk/pico/pico-sdk/src/rp2_common/pico_stdio/stdio.c.obj
 .text.stdio_stack_buffer_flush
                0x10005158       0x44 CMakeFiles/MCP2515_MCBRUSHLESS.dir/C_/VSARM/sdk/pico/pico-sdk/src/rp2_common/pico_stdio/stdio.c.obj
 .text.stdio_buffered_printer
                0x1000519c       0x20 CMakeFiles/MCP2515_MCBRUSHLESS.dir/C_/VSARM/sdk/pico/pico-sdk/src/rp2_common/pico_stdio/stdio.c.obj
 .text.stdout_serialize_begin
                0x100051bc       0x30 CMakeFiles/MCP2515_MCBRUSHLESS.dir/C_/VSARM/sdk/pico/pico-sdk/src/rp2_common/pico_stdio/stdio.c.obj
                0x100051bc                stdout_serialize_begin
 .text.stdout_serialize_end
                0x100051ec       0x10 CMakeFiles/MCP2515_MCBRUSHLESS.dir/C_/VSARM/sdk/pico/pico-sdk/src/rp2_common/pico_stdio/stdio.c.obj
                0x100051ec                stdout_serialize_end
 .text.stdio_put_string
                0x100051fc       0x98 CMakeFiles/MCP2515_MCBRUSHLESS.dir/C_/VSARM/sdk/pico/pico-sdk/src/rp2_common/pico_stdio/stdio.c.obj
 .text.stdio_set_driver_enabled
                0x10005294       0x38 CMakeFiles/MCP2515_MCBRUSHLESS.dir/C_/VSARM/sdk/pico/pico-sdk/src/rp2_common/pico_stdio/stdio.c.obj
                0x10005294                stdio_set_driver_enabled
 .text.stdio_flush
                0x100052cc       0x20 CMakeFiles/MCP2515_MCBRUSHLESS.dir/C_/VSARM/sdk/pico/pico-sdk/src/rp2_common/pico_stdio/stdio.c.obj
                0x100052cc                stdio_flush
 .text.__wrap_puts
                0x100052ec       0x1e CMakeFiles/MCP2515_MCBRUSHLESS.dir/C_/VSARM/sdk/pico/pico-sdk/src/rp2_common/pico_stdio/stdio.c.obj
                0x100052ec                __wrap_puts
 *fill*         0x1000530a        0x2 
 .text.__wrap_vprintf
                0x1000530c       0x44 CMakeFiles/MCP2515_MCBRUSHLESS.dir/C_/VSARM/sdk/pico/pico-sdk/src/rp2_common/pico_stdio/stdio.c.obj
                0x1000530c                __wrap_vprintf
 .text.__wrap_printf
                0x10005350       0x18 CMakeFiles/MCP2515_MCBRUSHLESS.dir/C_/VSARM/sdk/pico/pico-sdk/src/rp2_common/pico_stdio/stdio.c.obj
                0x10005350                __wrap_printf
 .text.stdio_init_all
                0x10005368        0x8 CMakeFiles/MCP2515_MCBRUSHLESS.dir/C_/VSARM/sdk/pico/pico-sdk/src/rp2_common/pico_stdio/stdio.c.obj
                0x10005368                stdio_init_all
 .text.resetd_init
                0x10005370        0x2 CMakeFiles/MCP2515_MCBRUSHLESS.dir/C_/VSARM/sdk/pico/pico-sdk/src/rp2_common/pico_stdio_usb/reset_interface.c.obj
 *fill*         0x10005372        0x2 
 .text.resetd_reset
                0x10005374        0xc CMakeFiles/MCP2515_MCBRUSHLESS.dir/C_/VSARM/sdk/pico/pico-sdk/src/rp2_common/pico_stdio_usb/reset_interface.c.obj
 .text.resetd_open
                0x10005380       0x34 CMakeFiles/MCP2515_MCBRUSHLESS.dir/C_/VSARM/sdk/pico/pico-sdk/src/rp2_common/pico_stdio_usb/reset_interface.c.obj
 .text.resetd_xfer_cb
                0x100053b4        0x4 CMakeFiles/MCP2515_MCBRUSHLESS.dir/C_/VSARM/sdk/pico/pico-sdk/src/rp2_common/pico_stdio_usb/reset_interface.c.obj
 .text.reset_usb_boot
                0x100053b8       0x18 CMakeFiles/MCP2515_MCBRUSHLESS.dir/C_/VSARM/sdk/pico/pico-sdk/src/rp2_common/pico_stdio_usb/reset_interface.c.obj
 .text.resetd_control_xfer_cb
                0x100053d0       0x5c CMakeFiles/MCP2515_MCBRUSHLESS.dir/C_/VSARM/sdk/pico/pico-sdk/src/rp2_common/pico_stdio_usb/reset_interface.c.obj
 .text.usbd_app_driver_get_cb
                0x1000542c        0xc CMakeFiles/MCP2515_MCBRUSHLESS.dir/C_/VSARM/sdk/pico/pico-sdk/src/rp2_common/pico_stdio_usb/reset_interface.c.obj
                0x1000542c                usbd_app_driver_get_cb
 .text.tud_cdc_line_coding_cb
                0x10005438       0x28 CMakeFiles/MCP2515_MCBRUSHLESS.dir/C_/VSARM/sdk/pico/pico-sdk/src/rp2_common/pico_stdio_usb/reset_interface.c.obj
                0x10005438                tud_cdc_line_coding_cb
 .text.stdio_usb_in_chars
                0x10005460       0x70 CMakeFiles/MCP2515_MCBRUSHLESS.dir/C_/VSARM/sdk/pico/pico-sdk/src/rp2_common/pico_stdio_usb/stdio_usb.c.obj
                0x10005460                stdio_usb_in_chars
 .text.low_priority_worker_irq
                0x100054d0       0x20 CMakeFiles/MCP2515_MCBRUSHLESS.dir/C_/VSARM/sdk/pico/pico-sdk/src/rp2_common/pico_stdio_usb/stdio_usb.c.obj
 .text.stdio_usb_out_chars
                0x100054f0       0xd4 CMakeFiles/MCP2515_MCBRUSHLESS.dir/C_/VSARM/sdk/pico/pico-sdk/src/rp2_common/pico_stdio_usb/stdio_usb.c.obj
 .text.timer_task
                0x100055c4       0x10 CMakeFiles/MCP2515_MCBRUSHLESS.dir/C_/VSARM/sdk/pico/pico-sdk/src/rp2_common/pico_stdio_usb/stdio_usb.c.obj
 .text.stdio_usb_init
                0x100055d4       0xb8 CMakeFiles/MCP2515_MCBRUSHLESS.dir/C_/VSARM/sdk/pico/pico-sdk/src/rp2_common/pico_stdio_usb/stdio_usb.c.obj
                0x100055d4                stdio_usb_init
 .text.tud_descriptor_device_cb
                0x1000568c        0x8 CMakeFiles/MCP2515_MCBRUSHLESS.dir/C_/VSARM/sdk/pico/pico-sdk/src/rp2_common/pico_stdio_usb/stdio_usb_descriptors.c.obj
                0x1000568c                tud_descriptor_device_cb
 .text.tud_descriptor_configuration_cb
                0x10005694        0x8 CMakeFiles/MCP2515_MCBRUSHLESS.dir/C_/VSARM/sdk/pico/pico-sdk/src/rp2_common/pico_stdio_usb/stdio_usb_descriptors.c.obj
                0x10005694                tud_descriptor_configuration_cb
 .text.tud_descriptor_string_cb
                0x1000569c       0x6c CMakeFiles/MCP2515_MCBRUSHLESS.dir/C_/VSARM/sdk/pico/pico-sdk/src/rp2_common/pico_stdio_usb/stdio_usb_descriptors.c.obj
                0x1000569c                tud_descriptor_string_cb
 .text.hw_endpoint_get_by_addr
                0x10005708       0x18 CMakeFiles/MCP2515_MCBRUSHLESS.dir/C_/VSARM/sdk/pico/pico-sdk/lib/tinyusb/src/portable/raspberrypi/rp2040/dcd_rp2040.c.obj
 .text.reset_ep0_pid
                0x10005720       0x28 CMakeFiles/MCP2515_MCBRUSHLESS.dir/C_/VSARM/sdk/pico/pico-sdk/lib/tinyusb/src/portable/raspberrypi/rp2040/dcd_rp2040.c.obj
 .text._hw_endpoint_alloc
                0x10005748       0x70 CMakeFiles/MCP2515_MCBRUSHLESS.dir/C_/VSARM/sdk/pico/pico-sdk/lib/tinyusb/src/portable/raspberrypi/rp2040/dcd_rp2040.c.obj
 .text.hw_endpoint_init
                0x100057b8       0x88 CMakeFiles/MCP2515_MCBRUSHLESS.dir/C_/VSARM/sdk/pico/pico-sdk/lib/tinyusb/src/portable/raspberrypi/rp2040/dcd_rp2040.c.obj
 .text.reset_non_control_endpoints
                0x10005840       0x40 CMakeFiles/MCP2515_MCBRUSHLESS.dir/C_/VSARM/sdk/pico/pico-sdk/lib/tinyusb/src/portable/raspberrypi/rp2040/dcd_rp2040.c.obj
 .text.hw_handle_buff_status
                0x10005880       0x8c CMakeFiles/MCP2515_MCBRUSHLESS.dir/C_/VSARM/sdk/pico/pico-sdk/lib/tinyusb/src/portable/raspberrypi/rp2040/dcd_rp2040.c.obj
 .text.dcd_rp2040_irq
                0x1000590c       0xc0 CMakeFiles/MCP2515_MCBRUSHLESS.dir/C_/VSARM/sdk/pico/pico-sdk/lib/tinyusb/src/portable/raspberrypi/rp2040/dcd_rp2040.c.obj
 .text.hw_endpoint_xfer
                0x100059cc       0x14 CMakeFiles/MCP2515_MCBRUSHLESS.dir/C_/VSARM/sdk/pico/pico-sdk/lib/tinyusb/src/portable/raspberrypi/rp2040/dcd_rp2040.c.obj
 .text.dcd_int_enable
                0x100059e0       0x2c CMakeFiles/MCP2515_MCBRUSHLESS.dir/C_/VSARM/sdk/pico/pico-sdk/lib/tinyusb/src/portable/raspberrypi/rp2040/dcd_rp2040.c.obj
                0x100059e0                dcd_int_enable
 .text.dcd_set_address
                0x10005a0c       0x2c CMakeFiles/MCP2515_MCBRUSHLESS.dir/C_/VSARM/sdk/pico/pico-sdk/lib/tinyusb/src/portable/raspberrypi/rp2040/dcd_rp2040.c.obj
                0x10005a0c                dcd_set_address
 .text.dcd_connect
                0x10005a38       0x10 CMakeFiles/MCP2515_MCBRUSHLESS.dir/C_/VSARM/sdk/pico/pico-sdk/lib/tinyusb/src/portable/raspberrypi/rp2040/dcd_rp2040.c.obj
                0x10005a38                dcd_connect
 .text.dcd_init
                0x10005a48       0x7c CMakeFiles/MCP2515_MCBRUSHLESS.dir/C_/VSARM/sdk/pico/pico-sdk/lib/tinyusb/src/portable/raspberrypi/rp2040/dcd_rp2040.c.obj
                0x10005a48                dcd_init
 .text.dcd_edpt0_status_complete
                0x10005ac4       0x1c CMakeFiles/MCP2515_MCBRUSHLESS.dir/C_/VSARM/sdk/pico/pico-sdk/lib/tinyusb/src/portable/raspberrypi/rp2040/dcd_rp2040.c.obj
                0x10005ac4                dcd_edpt0_status_complete
 .text.dcd_edpt_open
                0x10005ae0       0x40 CMakeFiles/MCP2515_MCBRUSHLESS.dir/C_/VSARM/sdk/pico/pico-sdk/lib/tinyusb/src/portable/raspberrypi/rp2040/dcd_rp2040.c.obj
                0x10005ae0                dcd_edpt_open
 .text.dcd_edpt_close_all
                0x10005b20        0x8 CMakeFiles/MCP2515_MCBRUSHLESS.dir/C_/VSARM/sdk/pico/pico-sdk/lib/tinyusb/src/portable/raspberrypi/rp2040/dcd_rp2040.c.obj
                0x10005b20                dcd_edpt_close_all
 .text.dcd_edpt_xfer
                0x10005b28       0x30 CMakeFiles/MCP2515_MCBRUSHLESS.dir/C_/VSARM/sdk/pico/pico-sdk/lib/tinyusb/src/portable/raspberrypi/rp2040/dcd_rp2040.c.obj
                0x10005b28                dcd_edpt_xfer
 .text.dcd_edpt_stall
                0x10005b58       0x2c CMakeFiles/MCP2515_MCBRUSHLESS.dir/C_/VSARM/sdk/pico/pico-sdk/lib/tinyusb/src/portable/raspberrypi/rp2040/dcd_rp2040.c.obj
                0x10005b58                dcd_edpt_stall
 .text.dcd_edpt_clear_stall
                0x10005b84       0x20 CMakeFiles/MCP2515_MCBRUSHLESS.dir/C_/VSARM/sdk/pico/pico-sdk/lib/tinyusb/src/portable/raspberrypi/rp2040/dcd_rp2040.c.obj
                0x10005b84                dcd_edpt_clear_stall
 .text.prepare_ep_buffer
                0x10005ba4       0x70 CMakeFiles/MCP2515_MCBRUSHLESS.dir/C_/VSARM/sdk/pico/pico-sdk/lib/tinyusb/src/portable/raspberrypi/rp2040/rp2040_usb.c.obj
 .text.sync_ep_buffer
                0x10005c14       0x7c CMakeFiles/MCP2515_MCBRUSHLESS.dir/C_/VSARM/sdk/pico/pico-sdk/lib/tinyusb/src/portable/raspberrypi/rp2040/rp2040_usb.c.obj
 .text._hw_endpoint_xfer_sync
                0x10005c90       0x28 CMakeFiles/MCP2515_MCBRUSHLESS.dir/C_/VSARM/sdk/pico/pico-sdk/lib/tinyusb/src/portable/raspberrypi/rp2040/rp2040_usb.c.obj
 .text.rp2040_usb_init
                0x10005cb8       0x4c CMakeFiles/MCP2515_MCBRUSHLESS.dir/C_/VSARM/sdk/pico/pico-sdk/lib/tinyusb/src/portable/raspberrypi/rp2040/rp2040_usb.c.obj
                0x10005cb8                rp2040_usb_init
 .text.hw_endpoint_reset_transfer
                0x10005d04        0xc CMakeFiles/MCP2515_MCBRUSHLESS.dir/C_/VSARM/sdk/pico/pico-sdk/lib/tinyusb/src/portable/raspberrypi/rp2040/rp2040_usb.c.obj
                0x10005d04                hw_endpoint_reset_transfer
 .text._hw_endpoint_buffer_control_update32
                0x10005d10       0x58 CMakeFiles/MCP2515_MCBRUSHLESS.dir/C_/VSARM/sdk/pico/pico-sdk/lib/tinyusb/src/portable/raspberrypi/rp2040/rp2040_usb.c.obj
                0x10005d10                _hw_endpoint_buffer_control_update32
 .text._hw_endpoint_start_next_buffer
                0x10005d68       0x74 CMakeFiles/MCP2515_MCBRUSHLESS.dir/C_/VSARM/sdk/pico/pico-sdk/lib/tinyusb/src/portable/raspberrypi/rp2040/rp2040_usb.c.obj
 .text.hw_endpoint_xfer_start
                0x10005ddc       0x48 CMakeFiles/MCP2515_MCBRUSHLESS.dir/C_/VSARM/sdk/pico/pico-sdk/lib/tinyusb/src/portable/raspberrypi/rp2040/rp2040_usb.c.obj
                0x10005ddc                hw_endpoint_xfer_start
 .text.hw_endpoint_xfer_continue
                0x10005e24       0x38 CMakeFiles/MCP2515_MCBRUSHLESS.dir/C_/VSARM/sdk/pico/pico-sdk/lib/tinyusb/src/portable/raspberrypi/rp2040/rp2040_usb.c.obj
                0x10005e24                hw_endpoint_xfer_continue
 .text.configuration_reset
                0x10005e5c       0x84 CMakeFiles/MCP2515_MCBRUSHLESS.dir/C_/VSARM/sdk/pico/pico-sdk/lib/tinyusb/src/device/usbd.c.obj
 .text.usbd_reset
                0x10005ee0        0xc CMakeFiles/MCP2515_MCBRUSHLESS.dir/C_/VSARM/sdk/pico/pico-sdk/lib/tinyusb/src/device/usbd.c.obj
 .text.invoke_class_control
                0x10005eec       0x1a CMakeFiles/MCP2515_MCBRUSHLESS.dir/C_/VSARM/sdk/pico/pico-sdk/lib/tinyusb/src/device/usbd.c.obj
 *fill*         0x10005f06        0x2 
 .text.process_set_config
                0x10005f08      0x1b0 CMakeFiles/MCP2515_MCBRUSHLESS.dir/C_/VSARM/sdk/pico/pico-sdk/lib/tinyusb/src/device/usbd.c.obj
 .text.process_get_descriptor
                0x100060b8       0xec CMakeFiles/MCP2515_MCBRUSHLESS.dir/C_/VSARM/sdk/pico/pico-sdk/lib/tinyusb/src/device/usbd.c.obj
 .text.tud_mounted
                0x100061a4       0x10 CMakeFiles/MCP2515_MCBRUSHLESS.dir/C_/VSARM/sdk/pico/pico-sdk/lib/tinyusb/src/device/usbd.c.obj
                0x100061a4                tud_mounted
 .text.tud_suspended
                0x100061b4       0x10 CMakeFiles/MCP2515_MCBRUSHLESS.dir/C_/VSARM/sdk/pico/pico-sdk/lib/tinyusb/src/device/usbd.c.obj
                0x100061b4                tud_suspended
 .text.tud_inited
                0x100061c4        0xc CMakeFiles/MCP2515_MCBRUSHLESS.dir/C_/VSARM/sdk/pico/pico-sdk/lib/tinyusb/src/device/usbd.c.obj
                0x100061c4                tud_inited
 .text.tud_init
                0x100061d0       0xcc CMakeFiles/MCP2515_MCBRUSHLESS.dir/C_/VSARM/sdk/pico/pico-sdk/lib/tinyusb/src/device/usbd.c.obj
                0x100061d0                tud_init
 .text.dcd_event_handler
                0x1000629c      0x1e0 CMakeFiles/MCP2515_MCBRUSHLESS.dir/C_/VSARM/sdk/pico/pico-sdk/lib/tinyusb/src/device/usbd.c.obj
                0x1000629c                dcd_event_handler
 .text.dcd_event_bus_signal
                0x1000647c       0x26 CMakeFiles/MCP2515_MCBRUSHLESS.dir/C_/VSARM/sdk/pico/pico-sdk/lib/tinyusb/src/device/usbd.c.obj
                0x1000647c                dcd_event_bus_signal
 .text.dcd_event_bus_reset
                0x100064a2       0x2a CMakeFiles/MCP2515_MCBRUSHLESS.dir/C_/VSARM/sdk/pico/pico-sdk/lib/tinyusb/src/device/usbd.c.obj
                0x100064a2                dcd_event_bus_reset
 .text.dcd_event_setup_received
                0x100064cc       0x34 CMakeFiles/MCP2515_MCBRUSHLESS.dir/C_/VSARM/sdk/pico/pico-sdk/lib/tinyusb/src/device/usbd.c.obj
                0x100064cc                dcd_event_setup_received
 .text.dcd_event_xfer_complete
                0x10006500       0x44 CMakeFiles/MCP2515_MCBRUSHLESS.dir/C_/VSARM/sdk/pico/pico-sdk/lib/tinyusb/src/device/usbd.c.obj
                0x10006500                dcd_event_xfer_complete
 .text.usbd_edpt_open
                0x10006544       0x58 CMakeFiles/MCP2515_MCBRUSHLESS.dir/C_/VSARM/sdk/pico/pico-sdk/lib/tinyusb/src/device/usbd.c.obj
                0x10006544                usbd_edpt_open
 .text.usbd_open_edpt_pair
                0x1000659c       0x8c CMakeFiles/MCP2515_MCBRUSHLESS.dir/C_/VSARM/sdk/pico/pico-sdk/lib/tinyusb/src/device/usbd.c.obj
                0x1000659c                usbd_open_edpt_pair
 .text.usbd_edpt_claim
                0x10006628       0x8c CMakeFiles/MCP2515_MCBRUSHLESS.dir/C_/VSARM/sdk/pico/pico-sdk/lib/tinyusb/src/device/usbd.c.obj
                0x10006628                usbd_edpt_claim
 .text.usbd_edpt_release
                0x100066b4       0x68 CMakeFiles/MCP2515_MCBRUSHLESS.dir/C_/VSARM/sdk/pico/pico-sdk/lib/tinyusb/src/device/usbd.c.obj
                0x100066b4                usbd_edpt_release
 .text.usbd_edpt_xfer
                0x1000671c       0x80 CMakeFiles/MCP2515_MCBRUSHLESS.dir/C_/VSARM/sdk/pico/pico-sdk/lib/tinyusb/src/device/usbd.c.obj
                0x1000671c                usbd_edpt_xfer
 .text.usbd_edpt_stall
                0x1000679c       0x40 CMakeFiles/MCP2515_MCBRUSHLESS.dir/C_/VSARM/sdk/pico/pico-sdk/lib/tinyusb/src/device/usbd.c.obj
                0x1000679c                usbd_edpt_stall
 .text.usbd_edpt_clear_stall
                0x100067dc       0x40 CMakeFiles/MCP2515_MCBRUSHLESS.dir/C_/VSARM/sdk/pico/pico-sdk/lib/tinyusb/src/device/usbd.c.obj
                0x100067dc                usbd_edpt_clear_stall
 .text.usbd_edpt_stalled
                0x1000681c       0x1c CMakeFiles/MCP2515_MCBRUSHLESS.dir/C_/VSARM/sdk/pico/pico-sdk/lib/tinyusb/src/device/usbd.c.obj
                0x1000681c                usbd_edpt_stalled
 .text.process_control_request
                0x10006838      0x3b8 CMakeFiles/MCP2515_MCBRUSHLESS.dir/C_/VSARM/sdk/pico/pico-sdk/lib/tinyusb/src/device/usbd.c.obj
 .text.tud_task
                0x10006bf0      0x218 CMakeFiles/MCP2515_MCBRUSHLESS.dir/C_/VSARM/sdk/pico/pico-sdk/lib/tinyusb/src/device/usbd.c.obj
                0x10006bf0                tud_task
 .text._data_stage_xact
                0x10006e08       0x58 CMakeFiles/MCP2515_MCBRUSHLESS.dir/C_/VSARM/sdk/pico/pico-sdk/lib/tinyusb/src/device/usbd_control.c.obj
 .text.tud_control_status
                0x10006e60       0x38 CMakeFiles/MCP2515_MCBRUSHLESS.dir/C_/VSARM/sdk/pico/pico-sdk/lib/tinyusb/src/device/usbd_control.c.obj
                0x10006e60                tud_control_status
 .text.tud_control_xfer
                0x10006e98       0xa8 CMakeFiles/MCP2515_MCBRUSHLESS.dir/C_/VSARM/sdk/pico/pico-sdk/lib/tinyusb/src/device/usbd_control.c.obj
                0x10006e98                tud_control_xfer
 .text.usbd_control_reset
                0x10006f40       0x14 CMakeFiles/MCP2515_MCBRUSHLESS.dir/C_/VSARM/sdk/pico/pico-sdk/lib/tinyusb/src/device/usbd_control.c.obj
                0x10006f40                usbd_control_reset
 .text.usbd_control_set_complete_callback
                0x10006f54        0xc CMakeFiles/MCP2515_MCBRUSHLESS.dir/C_/VSARM/sdk/pico/pico-sdk/lib/tinyusb/src/device/usbd_control.c.obj
                0x10006f54                usbd_control_set_complete_callback
 .text.usbd_control_set_request
                0x10006f60       0x1c CMakeFiles/MCP2515_MCBRUSHLESS.dir/C_/VSARM/sdk/pico/pico-sdk/lib/tinyusb/src/device/usbd_control.c.obj
                0x10006f60                usbd_control_set_request
 .text.usbd_control_xfer_cb
                0x10006f7c       0xfc CMakeFiles/MCP2515_MCBRUSHLESS.dir/C_/VSARM/sdk/pico/pico-sdk/lib/tinyusb/src/device/usbd_control.c.obj
                0x10006f7c                usbd_control_xfer_cb
 .text._prep_out_transaction
                0x10007078       0x46 CMakeFiles/MCP2515_MCBRUSHLESS.dir/C_/VSARM/sdk/pico/pico-sdk/lib/tinyusb/src/class/cdc/cdc_device.c.obj
 *fill*         0x100070be        0x2 
 .text.tud_cdc_n_connected
                0x100070c0       0x44 CMakeFiles/MCP2515_MCBRUSHLESS.dir/C_/VSARM/sdk/pico/pico-sdk/lib/tinyusb/src/class/cdc/cdc_device.c.obj
                0x100070c0                tud_cdc_n_connected
 .text.tud_cdc_n_available
                0x10007104       0x18 CMakeFiles/MCP2515_MCBRUSHLESS.dir/C_/VSARM/sdk/pico/pico-sdk/lib/tinyusb/src/class/cdc/cdc_device.c.obj
                0x10007104                tud_cdc_n_available
 .text.tud_cdc_n_read
                0x1000711c       0x28 CMakeFiles/MCP2515_MCBRUSHLESS.dir/C_/VSARM/sdk/pico/pico-sdk/lib/tinyusb/src/class/cdc/cdc_device.c.obj
                0x1000711c                tud_cdc_n_read
 .text.tud_cdc_n_write_flush
                0x10007144       0xcc CMakeFiles/MCP2515_MCBRUSHLESS.dir/C_/VSARM/sdk/pico/pico-sdk/lib/tinyusb/src/class/cdc/cdc_device.c.obj
                0x10007144                tud_cdc_n_write_flush
 .text.tud_cdc_n_write
                0x10007210       0x38 CMakeFiles/MCP2515_MCBRUSHLESS.dir/C_/VSARM/sdk/pico/pico-sdk/lib/tinyusb/src/class/cdc/cdc_device.c.obj
                0x10007210                tud_cdc_n_write
 .text.tud_cdc_n_write_available
                0x10007248       0x1c CMakeFiles/MCP2515_MCBRUSHLESS.dir/C_/VSARM/sdk/pico/pico-sdk/lib/tinyusb/src/class/cdc/cdc_device.c.obj
                0x10007248                tud_cdc_n_write_available
 .text.cdcd_init
                0x10007264       0xbc CMakeFiles/MCP2515_MCBRUSHLESS.dir/C_/VSARM/sdk/pico/pico-sdk/lib/tinyusb/src/class/cdc/cdc_device.c.obj
                0x10007264                cdcd_init
 .text.cdcd_reset
                0x10007320       0x44 CMakeFiles/MCP2515_MCBRUSHLESS.dir/C_/VSARM/sdk/pico/pico-sdk/lib/tinyusb/src/class/cdc/cdc_device.c.obj
                0x10007320                cdcd_reset
 .text.cdcd_open
                0x10007364       0xf8 CMakeFiles/MCP2515_MCBRUSHLESS.dir/C_/VSARM/sdk/pico/pico-sdk/lib/tinyusb/src/class/cdc/cdc_device.c.obj
                0x10007364                cdcd_open
 .text.cdcd_control_xfer_cb
                0x1000745c      0x134 CMakeFiles/MCP2515_MCBRUSHLESS.dir/C_/VSARM/sdk/pico/pico-sdk/lib/tinyusb/src/class/cdc/cdc_device.c.obj
                0x1000745c                cdcd_control_xfer_cb
 .text.cdcd_xfer_cb
                0x10007590      0x144 CMakeFiles/MCP2515_MCBRUSHLESS.dir/C_/VSARM/sdk/pico/pico-sdk/lib/tinyusb/src/class/cdc/cdc_device.c.obj
                0x10007590                cdcd_xfer_cb
 .text.tusb_init
                0x100076d4       0x24 CMakeFiles/MCP2515_MCBRUSHLESS.dir/C_/VSARM/sdk/pico/pico-sdk/lib/tinyusb/src/tusb.c.obj
                0x100076d4                tusb_init
 .text.tusb_inited
                0x100076f8        0xe CMakeFiles/MCP2515_MCBRUSHLESS.dir/C_/VSARM/sdk/pico/pico-sdk/lib/tinyusb/src/tusb.c.obj
                0x100076f8                tusb_inited
 *fill*         0x10007706        0x2 
 .text.tu_edpt_validate
                0x10007708       0xa8 CMakeFiles/MCP2515_MCBRUSHLESS.dir/C_/VSARM/sdk/pico/pico-sdk/lib/tinyusb/src/tusb.c.obj
                0x10007708                tu_edpt_validate
 .text.tu_edpt_bind_driver
                0x100077b0       0x2a CMakeFiles/MCP2515_MCBRUSHLESS.dir/C_/VSARM/sdk/pico/pico-sdk/lib/tinyusb/src/tusb.c.obj
                0x100077b0                tu_edpt_bind_driver
 .text.advance_pointer
                0x100077da       0x18 CMakeFiles/MCP2515_MCBRUSHLESS.dir/C_/VSARM/sdk/pico/pico-sdk/lib/tinyusb/src/common/tusb_fifo.c.obj
 .text.backward_pointer
                0x100077f2       0x1e CMakeFiles/MCP2515_MCBRUSHLESS.dir/C_/VSARM/sdk/pico/pico-sdk/lib/tinyusb/src/common/tusb_fifo.c.obj
 .text.get_relative_pointer
                0x10007810       0x10 CMakeFiles/MCP2515_MCBRUSHLESS.dir/C_/VSARM/sdk/pico/pico-sdk/lib/tinyusb/src/common/tusb_fifo.c.obj
 .text._tu_fifo_peek
                0x10007820       0x50 CMakeFiles/MCP2515_MCBRUSHLESS.dir/C_/VSARM/sdk/pico/pico-sdk/lib/tinyusb/src/common/tusb_fifo.c.obj
 .text._ff_pull_const_addr
                0x10007870       0x4c CMakeFiles/MCP2515_MCBRUSHLESS.dir/C_/VSARM/sdk/pico/pico-sdk/lib/tinyusb/src/common/tusb_fifo.c.obj
 .text._ff_pull_n
                0x100078bc      0x10c CMakeFiles/MCP2515_MCBRUSHLESS.dir/C_/VSARM/sdk/pico/pico-sdk/lib/tinyusb/src/common/tusb_fifo.c.obj
 .text._tu_fifo_peek_n
                0x100079c8       0x5e CMakeFiles/MCP2515_MCBRUSHLESS.dir/C_/VSARM/sdk/pico/pico-sdk/lib/tinyusb/src/common/tusb_fifo.c.obj
 .text._tu_fifo_read_n
                0x10007a26       0x4e CMakeFiles/MCP2515_MCBRUSHLESS.dir/C_/VSARM/sdk/pico/pico-sdk/lib/tinyusb/src/common/tusb_fifo.c.obj
 .text._ff_push_const_addr
                0x10007a74       0x40 CMakeFiles/MCP2515_MCBRUSHLESS.dir/C_/VSARM/sdk/pico/pico-sdk/lib/tinyusb/src/common/tusb_fifo.c.obj
 .text._ff_push_n
                0x10007ab4      0x108 CMakeFiles/MCP2515_MCBRUSHLESS.dir/C_/VSARM/sdk/pico/pico-sdk/lib/tinyusb/src/common/tusb_fifo.c.obj
 .text._tu_fifo_write_n
                0x10007bbc       0x9e CMakeFiles/MCP2515_MCBRUSHLESS.dir/C_/VSARM/sdk/pico/pico-sdk/lib/tinyusb/src/common/tusb_fifo.c.obj
 .text.tu_fifo_config
                0x10007c5a       0x72 CMakeFiles/MCP2515_MCBRUSHLESS.dir/C_/VSARM/sdk/pico/pico-sdk/lib/tinyusb/src/common/tusb_fifo.c.obj
                0x10007c5a                tu_fifo_config
 .text.tu_fifo_count
                0x10007ccc       0x26 CMakeFiles/MCP2515_MCBRUSHLESS.dir/C_/VSARM/sdk/pico/pico-sdk/lib/tinyusb/src/common/tusb_fifo.c.obj
                0x10007ccc                tu_fifo_count
 .text.tu_fifo_empty
                0x10007cf2       0x10 CMakeFiles/MCP2515_MCBRUSHLESS.dir/C_/VSARM/sdk/pico/pico-sdk/lib/tinyusb/src/common/tusb_fifo.c.obj
                0x10007cf2                tu_fifo_empty
 .text.tu_fifo_remaining
                0x10007d02       0x20 CMakeFiles/MCP2515_MCBRUSHLESS.dir/C_/VSARM/sdk/pico/pico-sdk/lib/tinyusb/src/common/tusb_fifo.c.obj
                0x10007d02                tu_fifo_remaining
 .text.tu_fifo_read
                0x10007d22       0x42 CMakeFiles/MCP2515_MCBRUSHLESS.dir/C_/VSARM/sdk/pico/pico-sdk/lib/tinyusb/src/common/tusb_fifo.c.obj
                0x10007d22                tu_fifo_read
 .text.tu_fifo_read_n
                0x10007d64        0xa CMakeFiles/MCP2515_MCBRUSHLESS.dir/C_/VSARM/sdk/pico/pico-sdk/lib/tinyusb/src/common/tusb_fifo.c.obj
                0x10007d64                tu_fifo_read_n
 .text.tu_fifo_write
                0x10007d6e       0x6c CMakeFiles/MCP2515_MCBRUSHLESS.dir/C_/VSARM/sdk/pico/pico-sdk/lib/tinyusb/src/common/tusb_fifo.c.obj
                0x10007d6e                tu_fifo_write
 .text.tu_fifo_write_n
                0x10007dda        0xa CMakeFiles/MCP2515_MCBRUSHLESS.dir/C_/VSARM/sdk/pico/pico-sdk/lib/tinyusb/src/common/tusb_fifo.c.obj
                0x10007dda                tu_fifo_write_n
 .text.tu_fifo_clear
                0x10007de4       0x4c CMakeFiles/MCP2515_MCBRUSHLESS.dir/C_/VSARM/sdk/pico/pico-sdk/lib/tinyusb/src/common/tusb_fifo.c.obj
                0x10007de4                tu_fifo_clear
 .text.tu_fifo_set_overwritable
                0x10007e30       0x3c CMakeFiles/MCP2515_MCBRUSHLESS.dir/C_/VSARM/sdk/pico/pico-sdk/lib/tinyusb/src/common/tusb_fifo.c.obj
                0x10007e30                tu_fifo_set_overwritable
 .text._retrieve_unique_id_on_boot
                0x10007e6c       0x10 CMakeFiles/MCP2515_MCBRUSHLESS.dir/C_/VSARM/sdk/pico/pico-sdk/src/rp2_common/pico_unique_id/unique_id.c.obj
 .text.pico_get_unique_board_id_string
                0x10007e7c       0x60 CMakeFiles/MCP2515_MCBRUSHLESS.dir/C_/VSARM/sdk/pico/pico-sdk/src/rp2_common/pico_unique_id/unique_id.c.obj
                0x10007e7c                pico_get_unique_board_id_string
 .text.flash_get_unique_id
                0x10007edc       0x46 CMakeFiles/MCP2515_MCBRUSHLESS.dir/C_/VSARM/sdk/pico/pico-sdk/src/rp2_common/hardware_flash/flash.c.obj
                0x10007edc                flash_get_unique_id
 .text.spi_set_baudrate
                0x10007f22       0x92 CMakeFiles/MCP2515_MCBRUSHLESS.dir/C_/VSARM/sdk/pico/pico-sdk/src/rp2_common/hardware_spi/spi.c.obj
                0x10007f22                spi_set_baudrate
 .text.spi_init
                0x10007fb4       0x68 CMakeFiles/MCP2515_MCBRUSHLESS.dir/C_/VSARM/sdk/pico/pico-sdk/src/rp2_common/hardware_spi/spi.c.obj
                0x10007fb4                spi_init
 .text.dma_claim_unused_channel
                0x1000801c       0x20 CMakeFiles/MCP2515_MCBRUSHLESS.dir/C_/VSARM/sdk/pico/pico-sdk/src/rp2_common/hardware_dma/dma.c.obj
                0x1000801c                dma_claim_unused_channel
 .text.strlen   0x1000803c       0x5c c:/vsarm/armcc/10 2021.10/bin/../lib/gcc/arm-none-eabi/10.3.1/../../../../arm-none-eabi/lib/thumb/v6-m/nofp\libg.a(lib_a-strlen-stub.o)
                0x1000803c                strlen
 *(.fini)
 .fini          0x10008098        0x4 c:/vsarm/armcc/10 2021.10/bin/../lib/gcc/arm-none-eabi/10.3.1/thumb/v6-m/nofp/crti.o
                0x10008098                _fini
 *fill*         0x1000809c        0x4 
 .fini.__stub   0x100080a0       0x90 linker stubs
 *crtbegin.o(.ctors)
 *crtbegin?.o(.ctors)
 *(EXCLUDE_FILE(*crtend.o *crtend?.o) .ctors)
 *(SORT_BY_NAME(.ctors.*))
 *(.ctors)
 *crtbegin.o(.dtors)
 *crtbegin?.o(.dtors)
 *(EXCLUDE_FILE(*crtend.o *crtend?.o) .dtors)
 *(SORT_BY_NAME(.dtors.*))
 *(.dtors)
 *(.eh_frame*)
 .eh_frame      0x10008130        0x0 c:/vsarm/armcc/10 2021.10/bin/../lib/gcc/arm-none-eabi/10.3.1/thumb/v6-m/nofp/crtbegin.o
                0x10008130                . = ALIGN (0x4)

.glue_7         0x10008130        0x0
 .glue_7        0x10008130        0x0 linker stubs

.glue_7t        0x10008130        0x0
 .glue_7t       0x10008130        0x0 linker stubs

.vfp11_veneer   0x10008130        0x0
 .vfp11_veneer  0x10008130        0x0 linker stubs

.v4_bx          0x10008130        0x0
 .v4_bx         0x10008130        0x0 linker stubs

.iplt           0x10008130        0x0
 .iplt          0x10008130        0x0 c:/vsarm/armcc/10 2021.10/bin/../lib/gcc/arm-none-eabi/10.3.1/thumb/v6-m/nofp/crtbegin.o

.rodata         0x10008130     0x1754
 *(EXCLUDE_FILE(*libm.a: *libc.a:*lib_a-mem*.o *libgcc.a:) .rodata*)
 .rodata.main.str1.4
                0x10008130       0x6e CMakeFiles/MCP2515_MCBRUSHLESS.dir/main.c.obj
 *fill*         0x1000819e        0x2 
 .rodata.begin_systick.str1.4
                0x100081a0       0x11 CMakeFiles/MCP2515_MCBRUSHLESS.dir/CAN_util.c.obj
 *fill*         0x100081b1        0x3 
 .rodata.init_spi_dma.str1.4
                0x100081b4       0x83 CMakeFiles/MCP2515_MCBRUSHLESS.dir/CAN_util.c.obj
 *fill*         0x10008237        0x1 
 .rodata.MCP2515_Init.str1.4
                0x10008238       0x3c CMakeFiles/MCP2515_MCBRUSHLESS.dir/CAN_util.c.obj
 .rodata.__func__.0
                0x10008274       0x18 CMakeFiles/MCP2515_MCBRUSHLESS.dir/CAN_util.c.obj
 .rodata.__func__.3
                0x1000828c       0x1c CMakeFiles/MCP2515_MCBRUSHLESS.dir/CAN_util.c.obj
 .rodata.LED_Init.str1.4
                0x100082a8       0x19 CMakeFiles/MCP2515_MCBRUSHLESS.dir/led.c.obj
 *fill*         0x100082c1        0x3 
 .rodata.CANstack_begin_encoderframe.str1.4
                0x100082c4       0x23 CMakeFiles/MCP2515_MCBRUSHLESS.dir/CANstack.c.obj
 *fill*         0x100082e7        0x1 
 .rodata.spin_lock_claim_unused.str1.4
                0x100082e8       0x1b CMakeFiles/MCP2515_MCBRUSHLESS.dir/C_/VSARM/sdk/pico/pico-sdk/src/rp2_common/hardware_sync/sync.c.obj
 *fill*         0x10008303        0x1 
 .rodata.repeating_timer_callback.str1.4
                0x10008304       0x4b CMakeFiles/MCP2515_MCBRUSHLESS.dir/C_/VSARM/sdk/pico/pico-sdk/src/common/pico_time/time.c.obj
 *fill*         0x1000834f        0x1 
 .rodata.alarm_pool_dump_key.str1.4
                0x10008350       0x33 CMakeFiles/MCP2515_MCBRUSHLESS.dir/C_/VSARM/sdk/pico/pico-sdk/src/common/pico_time/time.c.obj
 *fill*         0x10008383        0x1 
 .rodata.ph_add_child_node.str1.4
                0x10008384       0x96 CMakeFiles/MCP2515_MCBRUSHLESS.dir/C_/VSARM/sdk/pico/pico-sdk/src/common/pico_time/time.c.obj
 *fill*         0x1000841a        0x2 
 .rodata.add_alarm_under_lock.str1.4
                0x1000841c       0x28 CMakeFiles/MCP2515_MCBRUSHLESS.dir/C_/VSARM/sdk/pico/pico-sdk/src/common/pico_time/time.c.obj
                                 0x2b (size before relaxing)
 .rodata.alarm_pool_alarm_callback.str1.4
                0x10008444       0xe6 CMakeFiles/MCP2515_MCBRUSHLESS.dir/C_/VSARM/sdk/pico/pico-sdk/src/common/pico_time/time.c.obj
 *fill*         0x1000852a        0x2 
 .rodata.alarm_pool_get_default.str1.4
                0x1000852c       0x21 CMakeFiles/MCP2515_MCBRUSHLESS.dir/C_/VSARM/sdk/pico/pico-sdk/src/common/pico_time/time.c.obj
 *fill*         0x1000854d        0x3 
 .rodata.alarm_pool_cancel_alarm.str1.4
                0x10008550       0x27 CMakeFiles/MCP2515_MCBRUSHLESS.dir/C_/VSARM/sdk/pico/pico-sdk/src/common/pico_time/time.c.obj
 *fill*         0x10008577        0x1 
 .rodata.__func__.0
                0x10008578       0x19 CMakeFiles/MCP2515_MCBRUSHLESS.dir/C_/VSARM/sdk/pico/pico-sdk/src/common/pico_time/time.c.obj
 *fill*         0x10008591        0x3 
 .rodata.__func__.1
                0x10008594       0x18 CMakeFiles/MCP2515_MCBRUSHLESS.dir/C_/VSARM/sdk/pico/pico-sdk/src/common/pico_time/time.c.obj
 .rodata.__func__.10
                0x100085ac       0x15 CMakeFiles/MCP2515_MCBRUSHLESS.dir/C_/VSARM/sdk/pico/pico-sdk/src/common/pico_time/time.c.obj
 *fill*         0x100085c1        0x3 
 .rodata.__func__.11
                0x100085c4       0x1a CMakeFiles/MCP2515_MCBRUSHLESS.dir/C_/VSARM/sdk/pico/pico-sdk/src/common/pico_time/time.c.obj
 *fill*         0x100085de        0x2 
 .rodata.__func__.12
                0x100085e0        0xa CMakeFiles/MCP2515_MCBRUSHLESS.dir/C_/VSARM/sdk/pico/pico-sdk/src/common/pico_time/time.c.obj
 *fill*         0x100085ea        0x2 
 .rodata.__func__.3
                0x100085ec       0x17 CMakeFiles/MCP2515_MCBRUSHLESS.dir/C_/VSARM/sdk/pico/pico-sdk/src/common/pico_time/time.c.obj
 *fill*         0x10008603        0x1 
 .rodata.__func__.4
                0x10008604       0x12 CMakeFiles/MCP2515_MCBRUSHLESS.dir/C_/VSARM/sdk/pico/pico-sdk/src/common/pico_time/time.c.obj
 *fill*         0x10008616        0x2 
 .rodata.__func__.5
                0x10008618        0xd CMakeFiles/MCP2515_MCBRUSHLESS.dir/C_/VSARM/sdk/pico/pico-sdk/src/common/pico_time/time.c.obj
 *fill*         0x10008625        0x3 
 .rodata.__func__.6
                0x10008628       0x12 CMakeFiles/MCP2515_MCBRUSHLESS.dir/C_/VSARM/sdk/pico/pico-sdk/src/common/pico_time/time.c.obj
 *fill*         0x1000863a        0x2 
 .rodata.__func__.7
                0x1000863c        0xf CMakeFiles/MCP2515_MCBRUSHLESS.dir/C_/VSARM/sdk/pico/pico-sdk/src/common/pico_time/time.c.obj
 *fill*         0x1000864b        0x1 
 .rodata.__func__.8
                0x1000864c        0xc CMakeFiles/MCP2515_MCBRUSHLESS.dir/C_/VSARM/sdk/pico/pico-sdk/src/common/pico_time/time.c.obj
 .rodata.__func__.9
                0x10008658       0x15 CMakeFiles/MCP2515_MCBRUSHLESS.dir/C_/VSARM/sdk/pico/pico-sdk/src/common/pico_time/time.c.obj
 *fill*         0x1000866d        0x3 
 .rodata.hardware_alarm_claim.str1.4
                0x10008670       0x22 CMakeFiles/MCP2515_MCBRUSHLESS.dir/C_/VSARM/sdk/pico/pico-sdk/src/rp2_common/hardware_timer/timer.c.obj
 .rodata.busy_wait_us.str1.4
                0x10008692       0x61 CMakeFiles/MCP2515_MCBRUSHLESS.dir/C_/VSARM/sdk/pico/pico-sdk/src/rp2_common/hardware_timer/timer.c.obj
 *fill*         0x10008692        0x2 
 .rodata.hardware_alarm_set_target.str1.4
                0x10008694       0x65 CMakeFiles/MCP2515_MCBRUSHLESS.dir/C_/VSARM/sdk/pico/pico-sdk/src/rp2_common/hardware_timer/timer.c.obj
 *fill*         0x100086f9        0x3 
 .rodata.__func__.0
                0x100086fc       0x1a CMakeFiles/MCP2515_MCBRUSHLESS.dir/C_/VSARM/sdk/pico/pico-sdk/src/rp2_common/hardware_timer/timer.c.obj
 *fill*         0x10008716        0x2 
 .rodata.__func__.1
                0x10008718       0x15 CMakeFiles/MCP2515_MCBRUSHLESS.dir/C_/VSARM/sdk/pico/pico-sdk/src/rp2_common/hardware_timer/timer.c.obj
 *fill*         0x1000872d        0x3 
 .rodata.str1.4
                0x10008730       0x89 CMakeFiles/MCP2515_MCBRUSHLESS.dir/C_/VSARM/sdk/pico/pico-sdk/src/common/pico_sync/mutex.c.obj
                                 0xed (size before relaxing)
 *fill*         0x100087b9        0x3 
 .rodata.__func__.1
                0x100087bc        0xb CMakeFiles/MCP2515_MCBRUSHLESS.dir/C_/VSARM/sdk/pico/pico-sdk/src/common/pico_sync/mutex.c.obj
 *fill*         0x100087c7        0x1 
 .rodata.__func__.3
                0x100087c8       0x18 CMakeFiles/MCP2515_MCBRUSHLESS.dir/C_/VSARM/sdk/pico/pico-sdk/src/common/pico_sync/mutex.c.obj
 .rodata.__func__.4
                0x100087e0       0x15 CMakeFiles/MCP2515_MCBRUSHLESS.dir/C_/VSARM/sdk/pico/pico-sdk/src/common/pico_sync/mutex.c.obj
 .rodata.ph_add_child_node.str1.4
                0x100087f5       0x96 CMakeFiles/MCP2515_MCBRUSHLESS.dir/C_/VSARM/sdk/pico/pico-sdk/src/common/pico_util/pheap.c.obj
 *fill*         0x100087f5        0x3 
 .rodata.ph_remove_any_head.str1.4
                0x100087f8       0x8c CMakeFiles/MCP2515_MCBRUSHLESS.dir/C_/VSARM/sdk/pico/pico-sdk/src/common/pico_util/pheap.c.obj
 .rodata.ph_remove_and_free_node.str1.4
                0x10008884       0x26 CMakeFiles/MCP2515_MCBRUSHLESS.dir/C_/VSARM/sdk/pico/pico-sdk/src/common/pico_util/pheap.c.obj
 *fill*         0x100088aa        0x2 
 .rodata.__func__.0
                0x100088ac       0x18 CMakeFiles/MCP2515_MCBRUSHLESS.dir/C_/VSARM/sdk/pico/pico-sdk/src/common/pico_util/pheap.c.obj
 .rodata.__func__.1
                0x100088c4       0x13 CMakeFiles/MCP2515_MCBRUSHLESS.dir/C_/VSARM/sdk/pico/pico-sdk/src/common/pico_util/pheap.c.obj
 *fill*         0x100088d7        0x1 
 .rodata.__func__.2
                0x100088d8       0x12 CMakeFiles/MCP2515_MCBRUSHLESS.dir/C_/VSARM/sdk/pico/pico-sdk/src/common/pico_util/pheap.c.obj
 *fill*         0x100088ea        0x2 
 .rodata.__func__.3
                0x100088ec        0xc CMakeFiles/MCP2515_MCBRUSHLESS.dir/C_/VSARM/sdk/pico/pico-sdk/src/common/pico_util/pheap.c.obj
 .rodata.__assert_func.str1.4
                0x100088f8       0x3f CMakeFiles/MCP2515_MCBRUSHLESS.dir/C_/VSARM/sdk/pico/pico-sdk/src/rp2_common/pico_runtime/runtime.c.obj
                                 0x43 (size before relaxing)
 *fill*         0x10008937        0x1 
 .rodata.runtime_init.str1.4
                0x10008938       0x61 CMakeFiles/MCP2515_MCBRUSHLESS.dir/C_/VSARM/sdk/pico/pico-sdk/src/rp2_common/pico_runtime/runtime.c.obj
 *fill*         0x10008999        0x3 
 .rodata.panic.str1.4
                0x1000899c       0x10 CMakeFiles/MCP2515_MCBRUSHLESS.dir/C_/VSARM/sdk/pico/pico-sdk/src/rp2_common/pico_runtime/runtime.c.obj
                                 0x12 (size before relaxing)
 .rodata.__func__.1
                0x100089ac        0xd CMakeFiles/MCP2515_MCBRUSHLESS.dir/C_/VSARM/sdk/pico/pico-sdk/src/rp2_common/pico_runtime/runtime.c.obj
 *fill*         0x100089b9        0x3 
 .rodata.clock_configure.str1.4
                0x100089bc       0x57 CMakeFiles/MCP2515_MCBRUSHLESS.dir/C_/VSARM/sdk/pico/pico-sdk/src/rp2_common/hardware_clocks/clocks.c.obj
 *fill*         0x10008a13        0x1 
 .rodata.__func__.1
                0x10008a14       0x10 CMakeFiles/MCP2515_MCBRUSHLESS.dir/C_/VSARM/sdk/pico/pico-sdk/src/rp2_common/hardware_clocks/clocks.c.obj
 .rodata.make_branch.str1.4
                0x10008a24       0x4d CMakeFiles/MCP2515_MCBRUSHLESS.dir/C_/VSARM/sdk/pico/pico-sdk/src/rp2_common/hardware_irq/irq.c.obj
 *fill*         0x10008a71        0x3 
 .rodata.irq_set_exclusive_handler.str1.4
                0x10008a74       0x36 CMakeFiles/MCP2515_MCBRUSHLESS.dir/C_/VSARM/sdk/pico/pico-sdk/src/rp2_common/hardware_irq/irq.c.obj
 *fill*         0x10008aaa        0x2 
 .rodata.irq_add_shared_handler.str1.4
                0x10008aac       0xd9 CMakeFiles/MCP2515_MCBRUSHLESS.dir/C_/VSARM/sdk/pico/pico-sdk/src/rp2_common/hardware_irq/irq.c.obj
 *fill*         0x10008b85        0x3 
 .rodata.irq_remove_handler.str1.4
                0x10008b88       0x2a CMakeFiles/MCP2515_MCBRUSHLESS.dir/C_/VSARM/sdk/pico/pico-sdk/src/rp2_common/hardware_irq/irq.c.obj
 *fill*         0x10008bb2        0x2 
 .rodata.irq_add_tail_to_free_list.str1.4
                0x10008bb4       0x32 CMakeFiles/MCP2515_MCBRUSHLESS.dir/C_/VSARM/sdk/pico/pico-sdk/src/rp2_common/hardware_irq/irq.c.obj
                                 0x3a (size before relaxing)
 *fill*         0x10008be6        0x2 
 .rodata.__func__.0
                0x10008be8       0x1a CMakeFiles/MCP2515_MCBRUSHLESS.dir/C_/VSARM/sdk/pico/pico-sdk/src/rp2_common/hardware_irq/irq.c.obj
 *fill*         0x10008c02        0x2 
 .rodata.__func__.1
                0x10008c04       0x17 CMakeFiles/MCP2515_MCBRUSHLESS.dir/C_/VSARM/sdk/pico/pico-sdk/src/rp2_common/hardware_irq/irq.c.obj
 *fill*         0x10008c1b        0x1 
 .rodata.__func__.2
                0x10008c1c       0x13 CMakeFiles/MCP2515_MCBRUSHLESS.dir/C_/VSARM/sdk/pico/pico-sdk/src/rp2_common/hardware_irq/irq.c.obj
 *fill*         0x10008c2f        0x1 
 .rodata.__func__.3
                0x10008c30        0xc CMakeFiles/MCP2515_MCBRUSHLESS.dir/C_/VSARM/sdk/pico/pico-sdk/src/rp2_common/hardware_irq/irq.c.obj
 .rodata.__func__.4
                0x10008c3c        0xf CMakeFiles/MCP2515_MCBRUSHLESS.dir/C_/VSARM/sdk/pico/pico-sdk/src/rp2_common/hardware_irq/irq.c.obj
 *fill*         0x10008c4b        0x1 
 .rodata.__func__.6
                0x10008c4c       0x1a CMakeFiles/MCP2515_MCBRUSHLESS.dir/C_/VSARM/sdk/pico/pico-sdk/src/rp2_common/hardware_irq/irq.c.obj
 *fill*         0x10008c66        0x2 
 .rodata.pll_init.str1.4
                0x10008c68       0xdb CMakeFiles/MCP2515_MCBRUSHLESS.dir/C_/VSARM/sdk/pico/pico-sdk/src/rp2_common/hardware_pll/pll.c.obj
 *fill*         0x10008d43        0x1 
 .rodata.__func__.0
                0x10008d44        0x9 CMakeFiles/MCP2515_MCBRUSHLESS.dir/C_/VSARM/sdk/pico/pico-sdk/src/rp2_common/hardware_pll/pll.c.obj
 *fill*         0x10008d4d        0x3 
 .rodata._ftoa.str1.4
                0x10008d50       0x15 CMakeFiles/MCP2515_MCBRUSHLESS.dir/C_/VSARM/sdk/pico/pico-sdk/src/rp2_common/pico_printf/printf.c.obj
 *fill*         0x10008d65        0x3 
 .rodata._vsnprintf
                0x10008d68      0x1e0 CMakeFiles/MCP2515_MCBRUSHLESS.dir/C_/VSARM/sdk/pico/pico-sdk/src/rp2_common/pico_printf/printf.c.obj
 .rodata.pow10.0
                0x10008f48       0x50 CMakeFiles/MCP2515_MCBRUSHLESS.dir/C_/VSARM/sdk/pico/pico-sdk/src/rp2_common/pico_printf/printf.c.obj
 .rodata.__aeabi_double_init.str1.4
                0x10008f98       0xa8 CMakeFiles/MCP2515_MCBRUSHLESS.dir/C_/VSARM/sdk/pico/pico-sdk/src/rp2_common/pico_double/double_init_rom.c.obj
 .rodata.__func__.0
                0x10009040       0x14 CMakeFiles/MCP2515_MCBRUSHLESS.dir/C_/VSARM/sdk/pico/pico-sdk/src/rp2_common/pico_double/double_init_rom.c.obj
 .rodata.__aeabi_float_init.str1.4
                0x10009054       0x7a CMakeFiles/MCP2515_MCBRUSHLESS.dir/C_/VSARM/sdk/pico/pico-sdk/src/rp2_common/pico_float/float_init_rom.c.obj
                                 0x7e (size before relaxing)
 *fill*         0x100090ce        0x2 
 .rodata.__func__.0
                0x100090d0       0x13 CMakeFiles/MCP2515_MCBRUSHLESS.dir/C_/VSARM/sdk/pico/pico-sdk/src/rp2_common/pico_float/float_init_rom.c.obj
 *fill*         0x100090e3        0x1 
 .rodata.str1.4
                0x100090e4       0x48 CMakeFiles/MCP2515_MCBRUSHLESS.dir/C_/VSARM/sdk/pico/pico-sdk/src/rp2_common/pico_standard_link/binary_info.c.obj
 .rodata.__bi_44
                0x1000912c        0xc CMakeFiles/MCP2515_MCBRUSHLESS.dir/C_/VSARM/sdk/pico/pico-sdk/src/rp2_common/pico_standard_link/binary_info.c.obj
 .rodata.__bi_75
                0x10009138        0xc CMakeFiles/MCP2515_MCBRUSHLESS.dir/C_/VSARM/sdk/pico/pico-sdk/src/rp2_common/pico_standard_link/binary_info.c.obj
 .rodata.__bi_81
                0x10009144        0xc CMakeFiles/MCP2515_MCBRUSHLESS.dir/C_/VSARM/sdk/pico/pico-sdk/src/rp2_common/pico_standard_link/binary_info.c.obj
 .rodata.crlf_str.3
                0x10009150        0x2 CMakeFiles/MCP2515_MCBRUSHLESS.dir/C_/VSARM/sdk/pico/pico-sdk/src/rp2_common/pico_stdio/stdio.c.obj
 *fill*         0x10009152        0x2 
 .rodata._resetd_driver
                0x10009154       0x18 CMakeFiles/MCP2515_MCBRUSHLESS.dir/C_/VSARM/sdk/pico/pico-sdk/src/rp2_common/pico_stdio_usb/reset_interface.c.obj
 .rodata.stdio_usb_init.str1.4
                0x1000916c       0x61 CMakeFiles/MCP2515_MCBRUSHLESS.dir/C_/VSARM/sdk/pico/pico-sdk/src/rp2_common/pico_stdio_usb/stdio_usb.c.obj
 .rodata.str1.4
                0x1000916c       0x13 CMakeFiles/MCP2515_MCBRUSHLESS.dir/C_/VSARM/sdk/pico/pico-sdk/src/rp2_common/pico_stdio_usb/stdio_usb.c.obj
 *fill*         0x1000917f        0x1 
 .rodata.__bi_93.1
                0x10009180        0xc CMakeFiles/MCP2515_MCBRUSHLESS.dir/C_/VSARM/sdk/pico/pico-sdk/src/rp2_common/pico_stdio_usb/stdio_usb.c.obj
 .rodata.__func__.0
                0x1000918c       0x15 CMakeFiles/MCP2515_MCBRUSHLESS.dir/C_/VSARM/sdk/pico/pico-sdk/src/rp2_common/pico_stdio_usb/stdio_usb.c.obj
 *fill*         0x100091a1        0x3 
 .rodata.str1.4
                0x100091a4       0x2a CMakeFiles/MCP2515_MCBRUSHLESS.dir/C_/VSARM/sdk/pico/pico-sdk/src/rp2_common/pico_stdio_usb/stdio_usb_descriptors.c.obj
 *fill*         0x100091ce        0x2 
 .rodata.usbd_desc_cfg
                0x100091d0       0x54 CMakeFiles/MCP2515_MCBRUSHLESS.dir/C_/VSARM/sdk/pico/pico-sdk/src/rp2_common/pico_stdio_usb/stdio_usb_descriptors.c.obj
 .rodata.usbd_desc_device
                0x10009224       0x12 CMakeFiles/MCP2515_MCBRUSHLESS.dir/C_/VSARM/sdk/pico/pico-sdk/src/rp2_common/pico_stdio_usb/stdio_usb_descriptors.c.obj
 *fill*         0x10009236        0x2 
 .rodata.usbd_desc_str
                0x10009238       0x18 CMakeFiles/MCP2515_MCBRUSHLESS.dir/C_/VSARM/sdk/pico/pico-sdk/src/rp2_common/pico_stdio_usb/stdio_usb_descriptors.c.obj
 .rodata._hw_endpoint_alloc.str1.4
                0x10009250       0xb5 CMakeFiles/MCP2515_MCBRUSHLESS.dir/C_/VSARM/sdk/pico/pico-sdk/lib/tinyusb/src/portable/raspberrypi/rp2040/dcd_rp2040.c.obj
 *fill*         0x10009305        0x3 
 .rodata.dcd_rp2040_irq.str1.4
                0x10009308       0x14 CMakeFiles/MCP2515_MCBRUSHLESS.dir/C_/VSARM/sdk/pico/pico-sdk/lib/tinyusb/src/portable/raspberrypi/rp2040/dcd_rp2040.c.obj
 .rodata.dcd_int_enable.str1.4
                0x1000931c        0xc CMakeFiles/MCP2515_MCBRUSHLESS.dir/C_/VSARM/sdk/pico/pico-sdk/lib/tinyusb/src/portable/raspberrypi/rp2040/dcd_rp2040.c.obj
 .rodata.__func__.0
                0x10009328        0xe CMakeFiles/MCP2515_MCBRUSHLESS.dir/C_/VSARM/sdk/pico/pico-sdk/lib/tinyusb/src/portable/raspberrypi/rp2040/dcd_rp2040.c.obj
 *fill*         0x10009336        0x2 
 .rodata.__func__.1
                0x10009338        0xe CMakeFiles/MCP2515_MCBRUSHLESS.dir/C_/VSARM/sdk/pico/pico-sdk/lib/tinyusb/src/portable/raspberrypi/rp2040/dcd_rp2040.c.obj
 *fill*         0x10009346        0x2 
 .rodata.__func__.3
                0x10009348       0x10 CMakeFiles/MCP2515_MCBRUSHLESS.dir/C_/VSARM/sdk/pico/pico-sdk/lib/tinyusb/src/portable/raspberrypi/rp2040/dcd_rp2040.c.obj
 .rodata.__func__.5
                0x10009358        0xf CMakeFiles/MCP2515_MCBRUSHLESS.dir/C_/VSARM/sdk/pico/pico-sdk/lib/tinyusb/src/portable/raspberrypi/rp2040/dcd_rp2040.c.obj
 *fill*         0x10009367        0x1 
 .rodata.__func__.6
                0x10009368       0x13 CMakeFiles/MCP2515_MCBRUSHLESS.dir/C_/VSARM/sdk/pico/pico-sdk/lib/tinyusb/src/portable/raspberrypi/rp2040/dcd_rp2040.c.obj
 *fill*         0x1000937b        0x1 
 .rodata.__func__.7
                0x1000937c        0x9 CMakeFiles/MCP2515_MCBRUSHLESS.dir/C_/VSARM/sdk/pico/pico-sdk/lib/tinyusb/src/portable/raspberrypi/rp2040/dcd_rp2040.c.obj
 *fill*         0x10009385        0x3 
 .rodata.sync_ep_buffer.str1.4
                0x10009388       0x91 CMakeFiles/MCP2515_MCBRUSHLESS.dir/C_/VSARM/sdk/pico/pico-sdk/lib/tinyusb/src/portable/raspberrypi/rp2040/rp2040_usb.c.obj
 *fill*         0x10009419        0x3 
 .rodata._hw_endpoint_buffer_control_update32.str1.4
                0x1000941c       0x1f CMakeFiles/MCP2515_MCBRUSHLESS.dir/C_/VSARM/sdk/pico/pico-sdk/lib/tinyusb/src/portable/raspberrypi/rp2040/rp2040_usb.c.obj
 *fill*         0x1000943b        0x1 
 .rodata.hw_endpoint_xfer_start.str1.4
                0x1000943c       0x38 CMakeFiles/MCP2515_MCBRUSHLESS.dir/C_/VSARM/sdk/pico/pico-sdk/lib/tinyusb/src/portable/raspberrypi/rp2040/rp2040_usb.c.obj
 .rodata.hw_endpoint_xfer_continue.str1.4
                0x10009474       0x29 CMakeFiles/MCP2515_MCBRUSHLESS.dir/C_/VSARM/sdk/pico/pico-sdk/lib/tinyusb/src/portable/raspberrypi/rp2040/rp2040_usb.c.obj
 *fill*         0x1000949d        0x3 
 .rodata.str1.4
                0x100094a0        0x7 CMakeFiles/MCP2515_MCBRUSHLESS.dir/C_/VSARM/sdk/pico/pico-sdk/lib/tinyusb/src/portable/raspberrypi/rp2040/rp2040_usb.c.obj
 *fill*         0x100094a7        0x1 
 .rodata.__func__.0
                0x100094a8        0xf CMakeFiles/MCP2515_MCBRUSHLESS.dir/C_/VSARM/sdk/pico/pico-sdk/lib/tinyusb/src/portable/raspberrypi/rp2040/rp2040_usb.c.obj
 *fill*         0x100094b7        0x1 
 .rodata.process_set_config.str1.4
                0x100094b8       0x17 CMakeFiles/MCP2515_MCBRUSHLESS.dir/C_/VSARM/sdk/pico/pico-sdk/lib/tinyusb/src/device/usbd.c.obj
 *fill*         0x100094cf        0x1 
 .rodata.process_get_descriptor
                0x100094d0       0x40 CMakeFiles/MCP2515_MCBRUSHLESS.dir/C_/VSARM/sdk/pico/pico-sdk/lib/tinyusb/src/device/usbd.c.obj
 .rodata.process_control_request
                0x10009510       0x28 CMakeFiles/MCP2515_MCBRUSHLESS.dir/C_/VSARM/sdk/pico/pico-sdk/lib/tinyusb/src/device/usbd.c.obj
 .rodata.tud_task
                0x10009538       0x24 CMakeFiles/MCP2515_MCBRUSHLESS.dir/C_/VSARM/sdk/pico/pico-sdk/lib/tinyusb/src/device/usbd.c.obj
 .rodata.__func__.2
                0x1000955c        0xf CMakeFiles/MCP2515_MCBRUSHLESS.dir/C_/VSARM/sdk/pico/pico-sdk/lib/tinyusb/src/device/usbd.c.obj
 *fill*         0x1000956b        0x1 
 .rodata.__func__.3
                0x1000956c        0xf CMakeFiles/MCP2515_MCBRUSHLESS.dir/C_/VSARM/sdk/pico/pico-sdk/lib/tinyusb/src/device/usbd.c.obj
 *fill*         0x1000957b        0x1 
 .rodata.__func__.4
                0x1000957c       0x14 CMakeFiles/MCP2515_MCBRUSHLESS.dir/C_/VSARM/sdk/pico/pico-sdk/lib/tinyusb/src/device/usbd.c.obj
 .rodata.__func__.5
                0x10009590       0x10 CMakeFiles/MCP2515_MCBRUSHLESS.dir/C_/VSARM/sdk/pico/pico-sdk/lib/tinyusb/src/device/usbd.c.obj
 .rodata.__func__.6
                0x100095a0       0x17 CMakeFiles/MCP2515_MCBRUSHLESS.dir/C_/VSARM/sdk/pico/pico-sdk/lib/tinyusb/src/device/usbd.c.obj
 *fill*         0x100095b7        0x1 
 .rodata.__func__.7
                0x100095b8       0x13 CMakeFiles/MCP2515_MCBRUSHLESS.dir/C_/VSARM/sdk/pico/pico-sdk/lib/tinyusb/src/device/usbd.c.obj
 *fill*         0x100095cb        0x1 
 .rodata.__func__.8
                0x100095cc       0x18 CMakeFiles/MCP2515_MCBRUSHLESS.dir/C_/VSARM/sdk/pico/pico-sdk/lib/tinyusb/src/device/usbd.c.obj
 .rodata.__func__.9
                0x100095e4        0x9 CMakeFiles/MCP2515_MCBRUSHLESS.dir/C_/VSARM/sdk/pico/pico-sdk/lib/tinyusb/src/device/usbd.c.obj
 *fill*         0x100095ed        0x3 
 .rodata._usbd_driver
                0x100095f0       0x18 CMakeFiles/MCP2515_MCBRUSHLESS.dir/C_/VSARM/sdk/pico/pico-sdk/lib/tinyusb/src/device/usbd.c.obj
 .rodata.tud_control_xfer.str1.4
                0x10009608       0x17 CMakeFiles/MCP2515_MCBRUSHLESS.dir/C_/VSARM/sdk/pico/pico-sdk/lib/tinyusb/src/device/usbd_control.c.obj
 .rodata.__func__.0
                0x10009608       0x15 CMakeFiles/MCP2515_MCBRUSHLESS.dir/C_/VSARM/sdk/pico/pico-sdk/lib/tinyusb/src/device/usbd_control.c.obj
 *fill*         0x1000961d        0x3 
 .rodata.__func__.1
                0x10009620       0x11 CMakeFiles/MCP2515_MCBRUSHLESS.dir/C_/VSARM/sdk/pico/pico-sdk/lib/tinyusb/src/device/usbd_control.c.obj
 .rodata.tud_cdc_n_write_flush.str1.4
                0x10009631       0x17 CMakeFiles/MCP2515_MCBRUSHLESS.dir/C_/VSARM/sdk/pico/pico-sdk/lib/tinyusb/src/class/cdc/cdc_device.c.obj
 *fill*         0x10009631        0x3 
 .rodata.__func__.0
                0x10009634        0xd CMakeFiles/MCP2515_MCBRUSHLESS.dir/C_/VSARM/sdk/pico/pico-sdk/lib/tinyusb/src/class/cdc/cdc_device.c.obj
 *fill*         0x10009641        0x3 
 .rodata.__func__.1
                0x10009644        0xa CMakeFiles/MCP2515_MCBRUSHLESS.dir/C_/VSARM/sdk/pico/pico-sdk/lib/tinyusb/src/class/cdc/cdc_device.c.obj
 *fill*         0x1000964e        0x2 
 .rodata.__func__.2
                0x10009650       0x16 CMakeFiles/MCP2515_MCBRUSHLESS.dir/C_/VSARM/sdk/pico/pico-sdk/lib/tinyusb/src/class/cdc/cdc_device.c.obj
 .rodata.tusb_init.str1.4
                0x10009666       0x17 CMakeFiles/MCP2515_MCBRUSHLESS.dir/C_/VSARM/sdk/pico/pico-sdk/lib/tinyusb/src/tusb.c.obj
 *fill*         0x10009666        0x2 
 .rodata.__func__.0
                0x10009668       0x11 CMakeFiles/MCP2515_MCBRUSHLESS.dir/C_/VSARM/sdk/pico/pico-sdk/lib/tinyusb/src/tusb.c.obj
 *fill*         0x10009679        0x3 
 .rodata.__func__.1
                0x1000967c        0xa CMakeFiles/MCP2515_MCBRUSHLESS.dir/C_/VSARM/sdk/pico/pico-sdk/lib/tinyusb/src/tusb.c.obj
 *fill*         0x10009686        0x2 
 .rodata.pico_get_unique_board_id_string.str1.4
                0x10009688       0x4d CMakeFiles/MCP2515_MCBRUSHLESS.dir/C_/VSARM/sdk/pico/pico-sdk/src/rp2_common/pico_unique_id/unique_id.c.obj
 *fill*         0x100096d5        0x3 
 .rodata.__func__.0
                0x100096d8       0x20 CMakeFiles/MCP2515_MCBRUSHLESS.dir/C_/VSARM/sdk/pico/pico-sdk/src/rp2_common/pico_unique_id/unique_id.c.obj
 .rodata.str1.4
                0x100096f8      0x15a CMakeFiles/MCP2515_MCBRUSHLESS.dir/C_/VSARM/sdk/pico/pico-sdk/src/rp2_common/hardware_flash/flash.c.obj
 *fill*         0x10009852        0x2 
 .rodata.__func__.0
                0x10009854        0xd CMakeFiles/MCP2515_MCBRUSHLESS.dir/C_/VSARM/sdk/pico/pico-sdk/src/rp2_common/hardware_flash/flash.c.obj
 *fill*         0x10009861        0x3 
 .rodata.dma_claim_unused_channel.str1.4
                0x10009864       0x1e CMakeFiles/MCP2515_MCBRUSHLESS.dir/C_/VSARM/sdk/pico/pico-sdk/src/rp2_common/hardware_dma/dma.c.obj
                0x10009884                . = ALIGN (0x4)
 *fill*         0x10009882        0x2 
 *(SORT_BY_ALIGNMENT(SORT_BY_NAME(.flashdata*)))
                0x10009884                . = ALIGN (0x4)

.rel.dyn        0x10009884        0x0
 .rel.iplt      0x10009884        0x0 c:/vsarm/armcc/10 2021.10/bin/../lib/gcc/arm-none-eabi/10.3.1/thumb/v6-m/nofp/crtbegin.o

.ARM.extab
 *(.ARM.extab* .gnu.linkonce.armextab.*)
                0x10009884                __exidx_start = .

.ARM.exidx
 *(.ARM.exidx* .gnu.linkonce.armexidx.*)
                0x10009884                __exidx_end = .
                0x10009884                . = ALIGN (0x4)
                0x10009884                __binary_info_start = .

.binary_info    0x10009884       0x20
 *(.binary_info.keep.*)
 .binary_info.keep.__bi_ptr22
                0x10009884        0x4 CMakeFiles/MCP2515_MCBRUSHLESS.dir/C_/VSARM/sdk/pico/pico-sdk/src/rp2_common/pico_standard_link/binary_info.c.obj
 .binary_info.keep.__bi_ptr30
                0x10009888        0x4 CMakeFiles/MCP2515_MCBRUSHLESS.dir/C_/VSARM/sdk/pico/pico-sdk/src/rp2_common/pico_standard_link/binary_info.c.obj
 .binary_info.keep.__bi_ptr38
                0x1000988c        0x4 CMakeFiles/MCP2515_MCBRUSHLESS.dir/C_/VSARM/sdk/pico/pico-sdk/src/rp2_common/pico_standard_link/binary_info.c.obj
 .binary_info.keep.__bi_ptr44
                0x10009890        0x4 CMakeFiles/MCP2515_MCBRUSHLESS.dir/C_/VSARM/sdk/pico/pico-sdk/src/rp2_common/pico_standard_link/binary_info.c.obj
 .binary_info.keep.__bi_ptr50
                0x10009894        0x4 CMakeFiles/MCP2515_MCBRUSHLESS.dir/C_/VSARM/sdk/pico/pico-sdk/src/rp2_common/pico_standard_link/binary_info.c.obj
 .binary_info.keep.__bi_ptr75